Archive member included to satisfy reference by file (symbol)

d:/program files/stm32cubeide_1.3.0/stm32cubeide/plugins/com.st.stm32cube.ide.mcu.externaltools.gnu-tools-for-stm32.7-2018-q2-update.win32_1.4.0.202007081208/tools/bin/../lib/gcc/arm-none-eabi/7.3.1/../../../../arm-none-eabi/lib/thumb/v7-m\libc_nano.a(lib_a-errno.o)
                              Core/Src/syscalls.o (__errno)
d:/program files/stm32cubeide_1.3.0/stm32cubeide/plugins/com.st.stm32cube.ide.mcu.externaltools.gnu-tools-for-stm32.7-2018-q2-update.win32_1.4.0.202007081208/tools/bin/../lib/gcc/arm-none-eabi/7.3.1/../../../../arm-none-eabi/lib/thumb/v7-m\libc_nano.a(lib_a-exit.o)
                              d:/program files/stm32cubeide_1.3.0/stm32cubeide/plugins/com.st.stm32cube.ide.mcu.externaltools.gnu-tools-for-stm32.7-2018-q2-update.win32_1.4.0.202007081208/tools/bin/../lib/gcc/arm-none-eabi/7.3.1/../../../../arm-none-eabi/lib/thumb/v7-m/crt0.o (exit)
d:/program files/stm32cubeide_1.3.0/stm32cubeide/plugins/com.st.stm32cube.ide.mcu.externaltools.gnu-tools-for-stm32.7-2018-q2-update.win32_1.4.0.202007081208/tools/bin/../lib/gcc/arm-none-eabi/7.3.1/../../../../arm-none-eabi/lib/thumb/v7-m\libc_nano.a(lib_a-impure.o)
                              d:/program files/stm32cubeide_1.3.0/stm32cubeide/plugins/com.st.stm32cube.ide.mcu.externaltools.gnu-tools-for-stm32.7-2018-q2-update.win32_1.4.0.202007081208/tools/bin/../lib/gcc/arm-none-eabi/7.3.1/../../../../arm-none-eabi/lib/thumb/v7-m\libc_nano.a(lib_a-exit.o) (_global_impure_ptr)
d:/program files/stm32cubeide_1.3.0/stm32cubeide/plugins/com.st.stm32cube.ide.mcu.externaltools.gnu-tools-for-stm32.7-2018-q2-update.win32_1.4.0.202007081208/tools/bin/../lib/gcc/arm-none-eabi/7.3.1/../../../../arm-none-eabi/lib/thumb/v7-m\libc_nano.a(lib_a-init.o)
                              d:/program files/stm32cubeide_1.3.0/stm32cubeide/plugins/com.st.stm32cube.ide.mcu.externaltools.gnu-tools-for-stm32.7-2018-q2-update.win32_1.4.0.202007081208/tools/bin/../lib/gcc/arm-none-eabi/7.3.1/../../../../arm-none-eabi/lib/thumb/v7-m/crt0.o (__libc_init_array)
d:/program files/stm32cubeide_1.3.0/stm32cubeide/plugins/com.st.stm32cube.ide.mcu.externaltools.gnu-tools-for-stm32.7-2018-q2-update.win32_1.4.0.202007081208/tools/bin/../lib/gcc/arm-none-eabi/7.3.1/../../../../arm-none-eabi/lib/thumb/v7-m\libc_nano.a(lib_a-memset.o)
                              d:/program files/stm32cubeide_1.3.0/stm32cubeide/plugins/com.st.stm32cube.ide.mcu.externaltools.gnu-tools-for-stm32.7-2018-q2-update.win32_1.4.0.202007081208/tools/bin/../lib/gcc/arm-none-eabi/7.3.1/../../../../arm-none-eabi/lib/thumb/v7-m/crt0.o (memset)

Allocating common symbols
Common symbol       size              file

hUsbDeviceFS        0x2c4             USB_DEVICE/App/usb_device.o
uwTick              0x4               Drivers/STM32F1xx_HAL_Driver/Src/stm32f1xx_hal.o
pFlash              0x20              Drivers/STM32F1xx_HAL_Driver/Src/stm32f1xx_hal_flash.o
UserRxBufferFS      0x3e8             USB_DEVICE/App/usbd_cdc_if.o
huart1              0x40              Core/Src/main.o
UserTxBufferFS      0x3e8             USB_DEVICE/App/usbd_cdc_if.o
buffer              0x7               USB_DEVICE/App/usbd_cdc_if.o
hpcd_USB_FS         0x2ec             USB_DEVICE/Target/usbd_conf.o
USBD_StrDesc        0x200             USB_DEVICE/App/usbd_desc.o

Discarded input sections

 .text          0x0000000000000000        0x0 d:/program files/stm32cubeide_1.3.0/stm32cubeide/plugins/com.st.stm32cube.ide.mcu.externaltools.gnu-tools-for-stm32.7-2018-q2-update.win32_1.4.0.202007081208/tools/bin/../lib/gcc/arm-none-eabi/7.3.1/thumb/v7-m/crti.o
 .data          0x0000000000000000        0x0 d:/program files/stm32cubeide_1.3.0/stm32cubeide/plugins/com.st.stm32cube.ide.mcu.externaltools.gnu-tools-for-stm32.7-2018-q2-update.win32_1.4.0.202007081208/tools/bin/../lib/gcc/arm-none-eabi/7.3.1/thumb/v7-m/crti.o
 .bss           0x0000000000000000        0x0 d:/program files/stm32cubeide_1.3.0/stm32cubeide/plugins/com.st.stm32cube.ide.mcu.externaltools.gnu-tools-for-stm32.7-2018-q2-update.win32_1.4.0.202007081208/tools/bin/../lib/gcc/arm-none-eabi/7.3.1/thumb/v7-m/crti.o
 .data          0x0000000000000000        0x4 d:/program files/stm32cubeide_1.3.0/stm32cubeide/plugins/com.st.stm32cube.ide.mcu.externaltools.gnu-tools-for-stm32.7-2018-q2-update.win32_1.4.0.202007081208/tools/bin/../lib/gcc/arm-none-eabi/7.3.1/thumb/v7-m/crtbegin.o
 .text          0x0000000000000000       0x74 d:/program files/stm32cubeide_1.3.0/stm32cubeide/plugins/com.st.stm32cube.ide.mcu.externaltools.gnu-tools-for-stm32.7-2018-q2-update.win32_1.4.0.202007081208/tools/bin/../lib/gcc/arm-none-eabi/7.3.1/../../../../arm-none-eabi/lib/thumb/v7-m/crt0.o
[...]
Memory Configuration

Name             Origin             Length             Attributes
RAM              0x0000000020000000 0x0000000000005000 xrw
FLASH            0x0000000008000000 0x0000000000010000 xr
*default*        0x0000000000000000 0xffffffffffffffff

Linker script and memory map

LOAD d:/program files/stm32cubeide_1.3.0/stm32cubeide/plugins/com.st.stm32cube.ide.mcu.externaltools.gnu-tools-for-stm32.7-2018-q2-update.win32_1.4.0.202007081208/tools/bin/../lib/gcc/arm-none-eabi/7.3.1/thumb/v7-m/crti.o
LOAD d:/program files/stm32cubeide_1.3.0/stm32cubeide/plugins/com.st.stm32cube.ide.mcu.externaltools.gnu-tools-for-stm32.7-2018-q2-update.win32_1.4.0.202007081208/tools/bin/../lib/gcc/arm-none-eabi/7.3.1/thumb/v7-m/crtbegin.o
LOAD d:/program files/stm32cubeide_1.3.0/stm32cubeide/plugins/com.st.stm32cube.ide.mcu.externaltools.gnu-tools-for-stm32.7-2018-q2-update.win32_1.4.0.202007081208/tools/bin/../lib/gcc/arm-none-eabi/7.3.1/../../../../arm-none-eabi/lib/thumb/v7-m/crt0.o
LOAD Core/Src/main.o
LOAD Core/Src/stm32f1xx_hal_msp.o
LOAD Core/Src/stm32f1xx_it.o
LOAD Core/Src/syscalls.o
LOAD Core/Src/sysmem.o
LOAD Core/Src/system_stm32f1xx.o
LOAD Core/Startup/startup_stm32f103c8tx.o
LOAD Drivers/STM32F1xx_HAL_Driver/Src/stm32f1xx_hal.o
LOAD Drivers/STM32F1xx_HAL_Driver/Src/stm32f1xx_hal_cortex.o
LOAD Drivers/STM32F1xx_HAL_Driver/Src/stm32f1xx_hal_dma.o
LOAD Drivers/STM32F1xx_HAL_Driver/Src/stm32f1xx_hal_exti.o
LOAD Drivers/STM32F1xx_HAL_Driver/Src/stm32f1xx_hal_flash.o
LOAD Drivers/STM32F1xx_HAL_Driver/Src/stm32f1xx_hal_flash_ex.o
LOAD Drivers/STM32F1xx_HAL_Driver/Src/stm32f1xx_hal_gpio.o
LOAD Drivers/STM32F1xx_HAL_Driver/Src/stm32f1xx_hal_gpio_ex.o
LOAD Drivers/STM32F1xx_HAL_Driver/Src/stm32f1xx_hal_pcd.o
LOAD Drivers/STM32F1xx_HAL_Driver/Src/stm32f1xx_hal_pcd_ex.o
LOAD Drivers/STM32F1xx_HAL_Driver/Src/stm32f1xx_hal_pwr.o
LOAD Drivers/STM32F1xx_HAL_Driver/Src/stm32f1xx_hal_rcc.o
LOAD Drivers/STM32F1xx_HAL_Driver/Src/stm32f1xx_hal_rcc_ex.o
LOAD Drivers/STM32F1xx_HAL_Driver/Src/stm32f1xx_hal_tim.o
LOAD Drivers/STM32F1xx_HAL_Driver/Src/stm32f1xx_hal_tim_ex.o
LOAD Drivers/STM32F1xx_HAL_Driver/Src/stm32f1xx_hal_uart.o
LOAD Drivers/STM32F1xx_HAL_Driver/Src/stm32f1xx_ll_usb.o
LOAD Middlewares/ST/STM32_USB_Device_Library/Class/CDC/Src/usbd_cdc.o
LOAD Middlewares/ST/STM32_USB_Device_Library/Core/Src/usbd_core.o
LOAD Middlewares/ST/STM32_USB_Device_Library/Core/Src/usbd_ctlreq.o
LOAD Middlewares/ST/STM32_USB_Device_Library/Core/Src/usbd_ioreq.o
LOAD USB_DEVICE/App/usb_device.o
LOAD USB_DEVICE/App/usbd_cdc_if.o
LOAD USB_DEVICE/App/usbd_desc.o
LOAD USB_DEVICE/Target/usbd_conf.o
START GROUP
LOAD d:/program files/stm32cubeide_1.3.0/stm32cubeide/plugins/com.st.stm32cube.ide.mcu.externaltools.gnu-tools-for-stm32.7-2018-q2-update.win32_1.4.0.202007081208/tools/bin/../lib/gcc/arm-none-eabi/7.3.1/../../../../arm-none-eabi/lib/thumb/v7-m\libc_nano.a
LOAD d:/program files/stm32cubeide_1.3.0/stm32cubeide/plugins/com.st.stm32cube.ide.mcu.externaltools.gnu-tools-for-stm32.7-2018-q2-update.win32_1.4.0.202007081208/tools/bin/../lib/gcc/arm-none-eabi/7.3.1/../../../../arm-none-eabi/lib/thumb/v7-m\libm.a
END GROUP
START GROUP
LOAD d:/program files/stm32cubeide_1.3.0/stm32cubeide/plugins/com.st.stm32cube.ide.mcu.externaltools.gnu-tools-for-stm32.7-2018-q2-update.win32_1.4.0.202007081208/tools/bin/../lib/gcc/arm-none-eabi/7.3.1/thumb/v7-m\libgcc.a
LOAD d:/program files/stm32cubeide_1.3.0/stm32cubeide/plugins/com.st.stm32cube.ide.mcu.externaltools.gnu-tools-for-stm32.7-2018-q2-update.win32_1.4.0.202007081208/tools/bin/../lib/gcc/arm-none-eabi/7.3.1/../../../../arm-none-eabi/lib/thumb/v7-m\libc_nano.a
END GROUP
START GROUP
LOAD d:/program files/stm32cubeide_1.3.0/stm32cubeide/plugins/com.st.stm32cube.ide.mcu.externaltools.gnu-tools-for-stm32.7-2018-q2-update.win32_1.4.0.202007081208/tools/bin/../lib/gcc/arm-none-eabi/7.3.1/thumb/v7-m\libgcc.a
LOAD d:/program files/stm32cubeide_1.3.0/stm32cubeide/plugins/com.st.stm32cube.ide.mcu.externaltools.gnu-tools-for-stm32.7-2018-q2-update.win32_1.4.0.202007081208/tools/bin/../lib/gcc/arm-none-eabi/7.3.1/../../../../arm-none-eabi/lib/thumb/v7-m\libc_nano.a
LOAD d:/program files/stm32cubeide_1.3.0/stm32cubeide/plugins/com.st.stm32cube.ide.mcu.externaltools.gnu-tools-for-stm32.7-2018-q2-update.win32_1.4.0.202007081208/tools/bin/../lib/gcc/arm-none-eabi/7.3.1/../../../../arm-none-eabi/lib/thumb/v7-m\libnosys.a
END GROUP
START GROUP
LOAD d:/program files/stm32cubeide_1.3.0/stm32cubeide/plugins/com.st.stm32cube.ide.mcu.externaltools.gnu-tools-for-stm32.7-2018-q2-update.win32_1.4.0.202007081208/tools/bin/../lib/gcc/arm-none-eabi/7.3.1/thumb/v7-m\libgcc.a
LOAD d:/program files/stm32cubeide_1.3.0/stm32cubeide/plugins/com.st.stm32cube.ide.mcu.externaltools.gnu-tools-for-stm32.7-2018-q2-update.win32_1.4.0.202007081208/tools/bin/../lib/gcc/arm-none-eabi/7.3.1/../../../../arm-none-eabi/lib/thumb/v7-m\libc_nano.a
LOAD d:/program files/stm32cubeide_1.3.0/stm32cubeide/plugins/com.st.stm32cube.ide.mcu.externaltools.gnu-tools-for-stm32.7-2018-q2-update.win32_1.4.0.202007081208/tools/bin/../lib/gcc/arm-none-eabi/7.3.1/../../../../arm-none-eabi/lib/thumb/v7-m\libnosys.a
END GROUP
LOAD d:/program files/stm32cubeide_1.3.0/stm32cubeide/plugins/com.st.stm32cube.ide.mcu.externaltools.gnu-tools-for-stm32.7-2018-q2-update.win32_1.4.0.202007081208/tools/bin/../lib/gcc/arm-none-eabi/7.3.1/thumb/v7-m/crtend.o
LOAD d:/program files/stm32cubeide_1.3.0/stm32cubeide/plugins/com.st.stm32cube.ide.mcu.externaltools.gnu-tools-for-stm32.7-2018-q2-update.win32_1.4.0.202007081208/tools/bin/../lib/gcc/arm-none-eabi/7.3.1/thumb/v7-m/crtn.o
                0x0000000020005000                _estack = (ORIGIN (RAM) + LENGTH (RAM))
                0x0000000000002000                _Min_Heap_Size = 0x2000
                0x0000000000000400                _Min_Stack_Size = 0x400

.isr_vector     0x0000000008000000      0x10c
                0x0000000008000000                . = ALIGN (0x4)
 *(.isr_vector)
 .isr_vector    0x0000000008000000      0x10c Core/Startup/startup_stm32f103c8tx.o
                0x0000000008000000                g_pfnVectors
                0x000000000800010c                . = ALIGN (0x4)

.text           0x000000000800010c     0x7304
                0x000000000800010c                . = ALIGN (0x4)
 *(.text)
 .text          0x000000000800010c       0x40 d:/program files/stm32cubeide_1.3.0/stm32cubeide/plugins/com.st.stm32cube.ide.mcu.externaltools.gnu-tools-for-stm32.7-2018-q2-update.win32_1.4.0.202007081208/tools/bin/../lib/gcc/arm-none-eabi/7.3.1/thumb/v7-m/crtbegin.o
 *(.text*)
 .text.main     0x000000000800014c       0x1a Core/Src/main.o
                0x000000000800014c                main
 .text.SystemClock_Config
                0x0000000008000166       0xb6 Core/Src/main.o
                0x0000000008000166                SystemClock_Config
 .text.MX_USART1_UART_Init
                0x000000000800021c       0x54 Core/Src/main.o
 .text.MX_GPIO_Init
                0x0000000008000270       0x44 Core/Src/main.o
 .text.Error_Handler
                0x00000000080002b4        0xc Core/Src/main.o
                0x00000000080002b4                Error_Handler
 .text.HAL_MspInit
                0x00000000080002c0       0x64 Core/Src/stm32f1xx_hal_msp.o
                0x00000000080002c0                HAL_MspInit
 .text.HAL_UART_MspInit
                0x0000000008000324       0xa8 Core/Src/stm32f1xx_hal_msp.o
                0x0000000008000324                HAL_UART_MspInit
 .text.NMI_Handler
                0x00000000080003cc        0xc Core/Src/stm32f1xx_it.o
                0x00000000080003cc                NMI_Handler
 .text.HardFault_Handler
                0x00000000080003d8        0x6 Core/Src/stm32f1xx_it.o
                0x00000000080003d8                HardFault_Handler
 .text.MemManage_Handler
                0x00000000080003de        0x6 Core/Src/stm32f1xx_it.o
                0x00000000080003de                MemManage_Handler
 .text.BusFault_Handler
                0x00000000080003e4        0x6 Core/Src/stm32f1xx_it.o
                0x00000000080003e4                BusFault_Handler
 .text.UsageFault_Handler
                0x00000000080003ea        0x6 Core/Src/stm32f1xx_it.o
                0x00000000080003ea                UsageFault_Handler
 .text.SVC_Handler
                0x00000000080003f0        0xc Core/Src/stm32f1xx_it.o
                0x00000000080003f0                SVC_Handler
 .text.DebugMon_Handler
                0x00000000080003fc        0xc Core/Src/stm32f1xx_it.o
                0x00000000080003fc                DebugMon_Handler
 .text.PendSV_Handler
                0x0000000008000408        0xc Core/Src/stm32f1xx_it.o
                0x0000000008000408                PendSV_Handler
 .text.SysTick_Handler
                0x0000000008000414        0xc Core/Src/stm32f1xx_it.o
                0x0000000008000414                SysTick_Handler
 .text.USB_HP_CAN1_TX_IRQHandler
                0x0000000008000420       0x14 Core/Src/stm32f1xx_it.o
                0x0000000008000420                USB_HP_CAN1_TX_IRQHandler
 .text.USB_LP_CAN1_RX0_IRQHandler
                0x0000000008000434       0x14 Core/Src/stm32f1xx_it.o
                0x0000000008000434                USB_LP_CAN1_RX0_IRQHandler
 .text.USART1_IRQHandler
                0x0000000008000448       0x14 Core/Src/stm32f1xx_it.o
                0x0000000008000448                USART1_IRQHandler
 .text.SystemInit
                0x000000000800045c        0xc Core/Src/system_stm32f1xx.o
                0x000000000800045c                SystemInit
 .text.Reset_Handler
                0x0000000008000468       0x48 Core/Startup/startup_stm32f103c8tx.o
                0x0000000008000468                Reset_Handler
 .text.Default_Handler
                0x00000000080004b0        0x2 Core/Startup/startup_stm32f103c8tx.o
                0x00000000080004b0                RTC_Alarm_IRQHandler
                0x00000000080004b0                EXTI2_IRQHandler
                0x00000000080004b0                TIM1_CC_IRQHandler
                0x00000000080004b0                PVD_IRQHandler
                0x00000000080004b0                EXTI3_IRQHandler
                0x00000000080004b0                EXTI0_IRQHandler
                0x00000000080004b0                I2C2_EV_IRQHandler
                0x00000000080004b0                ADC1_2_IRQHandler
                0x00000000080004b0                SPI1_IRQHandler
                0x00000000080004b0                TAMPER_IRQHandler
                0x00000000080004b0                DMA1_Channel4_IRQHandler
                0x00000000080004b0                USART3_IRQHandler
                0x00000000080004b0                RTC_IRQHandler
                0x00000000080004b0                DMA1_Channel7_IRQHandler
                0x00000000080004b0                CAN1_RX1_IRQHandler
                0x00000000080004b0                TIM4_IRQHandler
                0x00000000080004b0                I2C1_EV_IRQHandler
                0x00000000080004b0                DMA1_Channel6_IRQHandler
                0x00000000080004b0                TIM3_IRQHandler
                0x00000000080004b0                RCC_IRQHandler
                0x00000000080004b0                TIM1_TRG_COM_IRQHandler
                0x00000000080004b0                DMA1_Channel1_IRQHandler
                0x00000000080004b0                Default_Handler
                0x00000000080004b0                EXTI15_10_IRQHandler
                0x00000000080004b0                EXTI9_5_IRQHandler
                0x00000000080004b0                SPI2_IRQHandler
                0x00000000080004b0                DMA1_Channel5_IRQHandler
                0x00000000080004b0                EXTI4_IRQHandler
                0x00000000080004b0                DMA1_Channel3_IRQHandler
                0x00000000080004b0                TIM1_UP_IRQHandler
                0x00000000080004b0                WWDG_IRQHandler
                0x00000000080004b0                TIM2_IRQHandler
                0x00000000080004b0                TIM1_BRK_IRQHandler
                0x00000000080004b0                EXTI1_IRQHandler
                0x00000000080004b0                USART2_IRQHandler
                0x00000000080004b0                I2C2_ER_IRQHandler
                0x00000000080004b0                DMA1_Channel2_IRQHandler
                0x00000000080004b0                CAN1_SCE_IRQHandler
                0x00000000080004b0                FLASH_IRQHandler
                0x00000000080004b0                I2C1_ER_IRQHandler
                0x00000000080004b0                USBWakeUp_IRQHandler
 *fill*         0x00000000080004b2        0x2 
 .text.HAL_Init
                0x00000000080004b4       0x2c Drivers/STM32F1xx_HAL_Driver/Src/stm32f1xx_hal.o
                0x00000000080004b4                HAL_Init
 .text.HAL_InitTick
                0x00000000080004e0       0x60 Drivers/STM32F1xx_HAL_Driver/Src/stm32f1xx_hal.o
                0x00000000080004e0                HAL_InitTick
 .text.HAL_IncTick
                0x0000000008000540       0x24 Drivers/STM32F1xx_HAL_Driver/Src/stm32f1xx_hal.o
                0x0000000008000540                HAL_IncTick
 .text.HAL_GetTick
                0x0000000008000564       0x14 Drivers/STM32F1xx_HAL_Driver/Src/stm32f1xx_hal.o
                0x0000000008000564                HAL_GetTick
 .text.__NVIC_SetPriorityGrouping
                0x0000000008000578       0x48 Drivers/STM32F1xx_HAL_Driver/Src/stm32f1xx_hal_cortex.o
 .text.__NVIC_GetPriorityGrouping
                0x00000000080005c0       0x1c Drivers/STM32F1xx_HAL_Driver/Src/stm32f1xx_hal_cortex.o
 .text.__NVIC_EnableIRQ
                0x00000000080005dc       0x38 Drivers/STM32F1xx_HAL_Driver/Src/stm32f1xx_hal_cortex.o
 .text.__NVIC_SetPriority
                0x0000000008000614       0x54 Drivers/STM32F1xx_HAL_Driver/Src/stm32f1xx_hal_cortex.o
 .text.NVIC_EncodePriority
                0x0000000008000668       0x64 Drivers/STM32F1xx_HAL_Driver/Src/stm32f1xx_hal_cortex.o
 .text.SysTick_Config
                0x00000000080006cc       0x44 Drivers/STM32F1xx_HAL_Driver/Src/stm32f1xx_hal_cortex.o
 .text.HAL_NVIC_SetPriorityGrouping
                0x0000000008000710       0x16 Drivers/STM32F1xx_HAL_Driver/Src/stm32f1xx_hal_cortex.o
                0x0000000008000710                HAL_NVIC_SetPriorityGrouping
 .text.HAL_NVIC_SetPriority
                0x0000000008000726       0x38 Drivers/STM32F1xx_HAL_Driver/Src/stm32f1xx_hal_cortex.o
                0x0000000008000726                HAL_NVIC_SetPriority
 .text.HAL_NVIC_EnableIRQ
                0x000000000800075e       0x1c Drivers/STM32F1xx_HAL_Driver/Src/stm32f1xx_hal_cortex.o
                0x000000000800075e                HAL_NVIC_EnableIRQ
 .text.HAL_SYSTICK_Config
                0x000000000800077a       0x18 Drivers/STM32F1xx_HAL_Driver/Src/stm32f1xx_hal_cortex.o
                0x000000000800077a                HAL_SYSTICK_Config
 *fill*         0x0000000008000792        0x2 
 .text.HAL_DMA_Abort_IT
                0x0000000008000794       0xec Drivers/STM32F1xx_HAL_Driver/Src/stm32f1xx_hal_dma.o
                0x0000000008000794                HAL_DMA_Abort_IT
 .text.HAL_GPIO_Init
                0x0000000008000880      0x2b4 Drivers/STM32F1xx_HAL_Driver/Src/stm32f1xx_hal_gpio.o
                0x0000000008000880                HAL_GPIO_Init
 .text.HAL_PCD_Init
                0x0000000008000b34      0x216 Drivers/STM32F1xx_HAL_Driver/Src/stm32f1xx_hal_pcd.o
                0x0000000008000b34                HAL_PCD_Init
 .text.HAL_PCD_Start
                0x0000000008000d4a       0x4c Drivers/STM32F1xx_HAL_Driver/Src/stm32f1xx_hal_pcd.o
                0x0000000008000d4a                HAL_PCD_Start
 .text.HAL_PCD_IRQHandler
                0x0000000008000d96      0x2aa Drivers/STM32F1xx_HAL_Driver/Src/stm32f1xx_hal_pcd.o
                0x0000000008000d96                HAL_PCD_IRQHandler
 .text.HAL_PCD_SetAddress
                0x0000000008001040       0x4a Drivers/STM32F1xx_HAL_Driver/Src/stm32f1xx_hal_pcd.o
                0x0000000008001040                HAL_PCD_SetAddress
 .text.HAL_PCD_EP_Open
                0x000000000800108a       0xcc Drivers/STM32F1xx_HAL_Driver/Src/stm32f1xx_hal_pcd.o
                0x000000000800108a                HAL_PCD_EP_Open
 .text.HAL_PCD_EP_Close
                0x0000000008001156       0x90 Drivers/STM32F1xx_HAL_Driver/Src/stm32f1xx_hal_pcd.o
                0x0000000008001156                HAL_PCD_EP_Close
 .text.HAL_PCD_EP_Receive
                0x00000000080011e6       0x7a Drivers/STM32F1xx_HAL_Driver/Src/stm32f1xx_hal_pcd.o
                0x00000000080011e6                HAL_PCD_EP_Receive
 .text.HAL_PCD_EP_GetRxCount
                0x0000000008001260       0x2e Drivers/STM32F1xx_HAL_Driver/Src/stm32f1xx_hal_pcd.o
                0x0000000008001260                HAL_PCD_EP_GetRxCount
 .text.HAL_PCD_EP_Transmit
                0x000000000800128e       0x86 Drivers/STM32F1xx_HAL_Driver/Src/stm32f1xx_hal_pcd.o
                0x000000000800128e                HAL_PCD_EP_Transmit
 .text.HAL_PCD_EP_SetStall
                0x0000000008001314       0xc0 Drivers/STM32F1xx_HAL_Driver/Src/stm32f1xx_hal_pcd.o
                0x0000000008001314                HAL_PCD_EP_SetStall
 .text.HAL_PCD_EP_ClrStall
                0x00000000080013d4       0xa8 Drivers/STM32F1xx_HAL_Driver/Src/stm32f1xx_hal_pcd.o
                0x00000000080013d4                HAL_PCD_EP_ClrStall
 .text.PCD_EP_ISR_Handler
                0x000000000800147c      0x5e6 Drivers/STM32F1xx_HAL_Driver/Src/stm32f1xx_hal_pcd.o
 .text.HAL_PCD_EP_DB_Receive
                0x0000000008001a62      0x21a Drivers/STM32F1xx_HAL_Driver/Src/stm32f1xx_hal_pcd.o
 .text.HAL_PCD_EP_DB_Transmit
                0x0000000008001c7c      0x53a Drivers/STM32F1xx_HAL_Driver/Src/stm32f1xx_hal_pcd.o
 .text.HAL_PCDEx_PMAConfig
                0x00000000080021b6       0x84 Drivers/STM32F1xx_HAL_Driver/Src/stm32f1xx_hal_pcd_ex.o
                0x00000000080021b6                HAL_PCDEx_PMAConfig
 *fill*         0x000000000800223a        0x2 
 .text.HAL_RCC_OscConfig
                0x000000000800223c      0x500 Drivers/STM32F1xx_HAL_Driver/Src/stm32f1xx_hal_rcc.o
                0x000000000800223c                HAL_RCC_OscConfig
 .text.HAL_RCC_ClockConfig
                0x000000000800273c      0x1d4 Drivers/STM32F1xx_HAL_Driver/Src/stm32f1xx_hal_rcc.o
                0x000000000800273c                HAL_RCC_ClockConfig
 .text.HAL_RCC_GetSysClockFreq
                0x0000000008002910       0xc4 Drivers/STM32F1xx_HAL_Driver/Src/stm32f1xx_hal_rcc.o
                0x0000000008002910                HAL_RCC_GetSysClockFreq
 .text.HAL_RCC_GetHCLKFreq
                0x00000000080029d4       0x14 Drivers/STM32F1xx_HAL_Driver/Src/stm32f1xx_hal_rcc.o
                0x00000000080029d4                HAL_RCC_GetHCLKFreq
 .text.HAL_RCC_GetPCLK1Freq
                0x00000000080029e8       0x28 Drivers/STM32F1xx_HAL_Driver/Src/stm32f1xx_hal_rcc.o
                0x00000000080029e8                HAL_RCC_GetPCLK1Freq
 .text.HAL_RCC_GetPCLK2Freq
                0x0000000008002a10       0x28 Drivers/STM32F1xx_HAL_Driver/Src/stm32f1xx_hal_rcc.o
                0x0000000008002a10                HAL_RCC_GetPCLK2Freq
 .text.RCC_Delay
                0x0000000008002a38       0x3c Drivers/STM32F1xx_HAL_Driver/Src/stm32f1xx_hal_rcc.o
 .text.HAL_RCCEx_PeriphCLKConfig
                0x0000000008002a74      0x16c Drivers/STM32F1xx_HAL_Driver/Src/stm32f1xx_hal_rcc_ex.o
                0x0000000008002a74                HAL_RCCEx_PeriphCLKConfig
 .text.HAL_UART_Init
                0x0000000008002be0       0x9a Drivers/STM32F1xx_HAL_Driver/Src/stm32f1xx_hal_uart.o
                0x0000000008002be0                HAL_UART_Init
 *fill*         0x0000000008002c7a        0x2 
 .text.HAL_UART_IRQHandler
                0x0000000008002c7c      0x200 Drivers/STM32F1xx_HAL_Driver/Src/stm32f1xx_hal_uart.o
                0x0000000008002c7c                HAL_UART_IRQHandler
 .text.HAL_UART_TxCpltCallback
                0x0000000008002e7c       0x12 Drivers/STM32F1xx_HAL_Driver/Src/stm32f1xx_hal_uart.o
                0x0000000008002e7c                HAL_UART_TxCpltCallback
 .text.HAL_UART_RxCpltCallback
                0x0000000008002e8e       0x12 Drivers/STM32F1xx_HAL_Driver/Src/stm32f1xx_hal_uart.o
                0x0000000008002e8e                HAL_UART_RxCpltCallback
 .text.HAL_UART_ErrorCallback
                0x0000000008002ea0       0x12 Drivers/STM32F1xx_HAL_Driver/Src/stm32f1xx_hal_uart.o
                0x0000000008002ea0                HAL_UART_ErrorCallback
 .text.UART_EndRxTransfer
                0x0000000008002eb2       0x3a Drivers/STM32F1xx_HAL_Driver/Src/stm32f1xx_hal_uart.o
 .text.UART_DMAAbortOnError
                0x0000000008002eec       0x28 Drivers/STM32F1xx_HAL_Driver/Src/stm32f1xx_hal_uart.o
 .text.UART_Transmit_IT
                0x0000000008002f14       0x9e Drivers/STM32F1xx_HAL_Driver/Src/stm32f1xx_hal_uart.o
 .text.UART_EndTransmit_IT
                0x0000000008002fb2       0x30 Drivers/STM32F1xx_HAL_Driver/Src/stm32f1xx_hal_uart.o
 .text.UART_Receive_IT
                0x0000000008002fe2      0x100 Drivers/STM32F1xx_HAL_Driver/Src/stm32f1xx_hal_uart.o
 *fill*         0x00000000080030e2        0x2 
 .text.UART_SetConfig
                0x00000000080030e4      0x11c Drivers/STM32F1xx_HAL_Driver/Src/stm32f1xx_hal_uart.o
 .text.USB_CoreInit
                0x0000000008003200       0x20 Drivers/STM32F1xx_HAL_Driver/Src/stm32f1xx_ll_usb.o
                0x0000000008003200                USB_CoreInit
 .text.USB_EnableGlobalInt
                0x0000000008003220       0x2c Drivers/STM32F1xx_HAL_Driver/Src/stm32f1xx_ll_usb.o
                0x0000000008003220                USB_EnableGlobalInt
 .text.USB_DisableGlobalInt
                0x000000000800324c       0x34 Drivers/STM32F1xx_HAL_Driver/Src/stm32f1xx_ll_usb.o
                0x000000000800324c                USB_DisableGlobalInt
 .text.USB_SetCurrentMode
                0x0000000008003280       0x18 Drivers/STM32F1xx_HAL_Driver/Src/stm32f1xx_ll_usb.o
                0x0000000008003280                USB_SetCurrentMode
 .text.USB_DevInit
                0x0000000008003298       0x40 Drivers/STM32F1xx_HAL_Driver/Src/stm32f1xx_ll_usb.o
                0x0000000008003298                USB_DevInit
 .text.USB_ActivateEndpoint
                0x00000000080032d8      0x6d4 Drivers/STM32F1xx_HAL_Driver/Src/stm32f1xx_ll_usb.o
                0x00000000080032d8                USB_ActivateEndpoint
 .text.USB_DeactivateEndpoint
                0x00000000080039ac      0x3d8 Drivers/STM32F1xx_HAL_Driver/Src/stm32f1xx_ll_usb.o
                0x00000000080039ac                USB_DeactivateEndpoint
 .text.USB_EPStartXfer
                0x0000000008003d84     0x1240 Drivers/STM32F1xx_HAL_Driver/Src/stm32f1xx_ll_usb.o
                0x0000000008003d84                USB_EPStartXfer
 .text.USB_EPSetStall
                0x0000000008004fc4       0xa0 Drivers/STM32F1xx_HAL_Driver/Src/stm32f1xx_ll_usb.o
                0x0000000008004fc4                USB_EPSetStall
 .text.USB_EPClearStall
                0x0000000008005064      0x15a Drivers/STM32F1xx_HAL_Driver/Src/stm32f1xx_ll_usb.o
                0x0000000008005064                USB_EPClearStall
 .text.USB_SetDevAddress
                0x00000000080051be       0x26 Drivers/STM32F1xx_HAL_Driver/Src/stm32f1xx_ll_usb.o
                0x00000000080051be                USB_SetDevAddress
 .text.USB_DevConnect
                0x00000000080051e4       0x14 Drivers/STM32F1xx_HAL_Driver/Src/stm32f1xx_ll_usb.o
                0x00000000080051e4                USB_DevConnect
 .text.USB_DevDisconnect
                0x00000000080051f8       0x14 Drivers/STM32F1xx_HAL_Driver/Src/stm32f1xx_ll_usb.o
                0x00000000080051f8                USB_DevDisconnect
 .text.USB_ReadInterrupts
                0x000000000800520c       0x1e Drivers/STM32F1xx_HAL_Driver/Src/stm32f1xx_ll_usb.o
                0x000000000800520c                USB_ReadInterrupts
 .text.USB_EP0_OutStart
                0x000000000800522a       0x16 Drivers/STM32F1xx_HAL_Driver/Src/stm32f1xx_ll_usb.o
                0x000000000800522a                USB_EP0_OutStart
 .text.USB_WritePMA
                0x0000000008005240       0x88 Drivers/STM32F1xx_HAL_Driver/Src/stm32f1xx_ll_usb.o
                0x0000000008005240                USB_WritePMA
 .text.USB_ReadPMA
                0x00000000080052c8       0x9e Drivers/STM32F1xx_HAL_Driver/Src/stm32f1xx_ll_usb.o
                0x00000000080052c8                USB_ReadPMA
 .text.USBD_CDC_Init
                0x0000000008005366       0xf4 Middlewares/ST/STM32_USB_Device_Library/Class/CDC/Src/usbd_cdc.o
 .text.USBD_CDC_DeInit
                0x000000000800545a       0x6e Middlewares/ST/STM32_USB_Device_Library/Class/CDC/Src/usbd_cdc.o
 .text.USBD_CDC_Setup
                0x00000000080054c8      0x140 Middlewares/ST/STM32_USB_Device_Library/Class/CDC/Src/usbd_cdc.o
 .text.USBD_CDC_DataIn
                0x0000000008005608       0xa6 Middlewares/ST/STM32_USB_Device_Library/Class/CDC/Src/usbd_cdc.o
 .text.USBD_CDC_DataOut
                0x00000000080056ae       0x56 Middlewares/ST/STM32_USB_Device_Library/Class/CDC/Src/usbd_cdc.o
 .text.USBD_CDC_EP0_RxReady
                0x0000000008005704       0x50 Middlewares/ST/STM32_USB_Device_Library/Class/CDC/Src/usbd_cdc.o
 .text.USBD_CDC_GetFSCfgDesc
                0x0000000008005754       0x20 Middlewares/ST/STM32_USB_Device_Library/Class/CDC/Src/usbd_cdc.o
 .text.USBD_CDC_GetHSCfgDesc
                0x0000000008005774       0x20 Middlewares/ST/STM32_USB_Device_Library/Class/CDC/Src/usbd_cdc.o
 .text.USBD_CDC_GetOtherSpeedCfgDesc
                0x0000000008005794       0x20 Middlewares/ST/STM32_USB_Device_Library/Class/CDC/Src/usbd_cdc.o
 .text.USBD_CDC_GetDeviceQualifierDescriptor
                0x00000000080057b4       0x20 Middlewares/ST/STM32_USB_Device_Library/Class/CDC/Src/usbd_cdc.o
                0x00000000080057b4                USBD_CDC_GetDeviceQualifierDescriptor
 .text.USBD_CDC_RegisterInterface
                0x00000000080057d4       0x2c Middlewares/ST/STM32_USB_Device_Library/Class/CDC/Src/usbd_cdc.o
                0x00000000080057d4                USBD_CDC_RegisterInterface
 .text.USBD_CDC_SetTxBuffer
                0x0000000008005800       0x32 Middlewares/ST/STM32_USB_Device_Library/Class/CDC/Src/usbd_cdc.o
                0x0000000008005800                USBD_CDC_SetTxBuffer
 .text.USBD_CDC_SetRxBuffer
                0x0000000008005832       0x26 Middlewares/ST/STM32_USB_Device_Library/Class/CDC/Src/usbd_cdc.o
                0x0000000008005832                USBD_CDC_SetRxBuffer
 .text.USBD_CDC_TransmitPacket
                0x0000000008005858       0x5e Middlewares/ST/STM32_USB_Device_Library/Class/CDC/Src/usbd_cdc.o
                0x0000000008005858                USBD_CDC_TransmitPacket
 .text.USBD_CDC_ReceivePacket
                0x00000000080058b6       0x54 Middlewares/ST/STM32_USB_Device_Library/Class/CDC/Src/usbd_cdc.o
                0x00000000080058b6                USBD_CDC_ReceivePacket
 .text.USBD_Init
                0x000000000800590a       0x56 Middlewares/ST/STM32_USB_Device_Library/Core/Src/usbd_core.o
                0x000000000800590a                USBD_Init
 .text.USBD_RegisterClass
                0x0000000008005960       0x32 Middlewares/ST/STM32_USB_Device_Library/Core/Src/usbd_core.o
                0x0000000008005960                USBD_RegisterClass
 .text.USBD_Start
                0x0000000008005992       0x18 Middlewares/ST/STM32_USB_Device_Library/Core/Src/usbd_core.o
                0x0000000008005992                USBD_Start
 .text.USBD_RunTestMode
                0x00000000080059aa       0x14 Middlewares/ST/STM32_USB_Device_Library/Core/Src/usbd_core.o
                0x00000000080059aa                USBD_RunTestMode
 .text.USBD_SetClassConfig
                0x00000000080059be       0x3e Middlewares/ST/STM32_USB_Device_Library/Core/Src/usbd_core.o
                0x00000000080059be                USBD_SetClassConfig
 .text.USBD_ClrClassConfig
                0x00000000080059fc       0x26 Middlewares/ST/STM32_USB_Device_Library/Core/Src/usbd_core.o
                0x00000000080059fc                USBD_ClrClassConfig
 .text.USBD_LL_SetupStage
                0x0000000008005a22       0x96 Middlewares/ST/STM32_USB_Device_Library/Core/Src/usbd_core.o
                0x0000000008005a22                USBD_LL_SetupStage
 .text.USBD_LL_DataOutStage
                0x0000000008005ab8       0xe2 Middlewares/ST/STM32_USB_Device_Library/Core/Src/usbd_core.o
                0x0000000008005ab8                USBD_LL_DataOutStage
 .text.USBD_LL_DataInStage
                0x0000000008005b9a      0x14a Middlewares/ST/STM32_USB_Device_Library/Core/Src/usbd_core.o
                0x0000000008005b9a                USBD_LL_DataInStage
 .text.USBD_LL_Reset
                0x0000000008005ce4       0x82 Middlewares/ST/STM32_USB_Device_Library/Core/Src/usbd_core.o
                0x0000000008005ce4                USBD_LL_Reset
 .text.USBD_LL_SetSpeed
                0x0000000008005d66       0x1e Middlewares/ST/STM32_USB_Device_Library/Core/Src/usbd_core.o
                0x0000000008005d66                USBD_LL_SetSpeed
 .text.USBD_LL_Suspend
                0x0000000008005d84       0x28 Middlewares/ST/STM32_USB_Device_Library/Core/Src/usbd_core.o
                0x0000000008005d84                USBD_LL_Suspend
 .text.USBD_LL_Resume
                0x0000000008005dac       0x2a Middlewares/ST/STM32_USB_Device_Library/Core/Src/usbd_core.o
                0x0000000008005dac                USBD_LL_Resume
 .text.USBD_LL_SOF
                0x0000000008005dd6       0x34 Middlewares/ST/STM32_USB_Device_Library/Core/Src/usbd_core.o
                0x0000000008005dd6                USBD_LL_SOF
 *fill*         0x0000000008005e0a        0x2 
 .text.USBD_StdDevReq
                0x0000000008005e0c       0xd4 Middlewares/ST/STM32_USB_Device_Library/Core/Src/usbd_ctlreq.o
                0x0000000008005e0c                USBD_StdDevReq
 .text.USBD_StdItfReq
                0x0000000008005ee0       0x8c Middlewares/ST/STM32_USB_Device_Library/Core/Src/usbd_ctlreq.o
                0x0000000008005ee0                USBD_StdItfReq
 .text.USBD_StdEPReq
                0x0000000008005f6c      0x2ba Middlewares/ST/STM32_USB_Device_Library/Core/Src/usbd_ctlreq.o
                0x0000000008005f6c                USBD_StdEPReq
 *fill*         0x0000000008006226        0x2 
 .text.USBD_GetDescriptor
                0x0000000008006228      0x2d0 Middlewares/ST/STM32_USB_Device_Library/Core/Src/usbd_ctlreq.o
 .text.USBD_SetAddress
                0x00000000080064f8       0x84 Middlewares/ST/STM32_USB_Device_Library/Core/Src/usbd_ctlreq.o
 .text.USBD_SetConfig
                0x000000000800657c      0x11c Middlewares/ST/STM32_USB_Device_Library/Core/Src/usbd_ctlreq.o
 .text.USBD_GetConfig
                0x0000000008006698       0x68 Middlewares/ST/STM32_USB_Device_Library/Core/Src/usbd_ctlreq.o
 .text.USBD_GetStatus
                0x0000000008006700       0x66 Middlewares/ST/STM32_USB_Device_Library/Core/Src/usbd_ctlreq.o
 .text.USBD_SetFeature
                0x0000000008006766       0x28 Middlewares/ST/STM32_USB_Device_Library/Core/Src/usbd_ctlreq.o
 .text.USBD_ClrFeature
                0x000000000800678e       0x42 Middlewares/ST/STM32_USB_Device_Library/Core/Src/usbd_ctlreq.o
 .text.USBD_ParseSetupRequest
                0x00000000080067d0       0x78 Middlewares/ST/STM32_USB_Device_Library/Core/Src/usbd_ctlreq.o
                0x00000000080067d0                USBD_ParseSetupRequest
 .text.USBD_CtlError
                0x0000000008006848       0x22 Middlewares/ST/STM32_USB_Device_Library/Core/Src/usbd_ctlreq.o
                0x0000000008006848                USBD_CtlError
 .text.USBD_GetString
                0x000000000800686a       0x84 Middlewares/ST/STM32_USB_Device_Library/Core/Src/usbd_ctlreq.o
                0x000000000800686a                USBD_GetString
 .text.USBD_GetLen
                0x00000000080068ee       0x2e Middlewares/ST/STM32_USB_Device_Library/Core/Src/usbd_ctlreq.o
 .text.USBD_CtlSendData
                0x000000000800691c       0x38 Middlewares/ST/STM32_USB_Device_Library/Core/Src/usbd_ioreq.o
                0x000000000800691c                USBD_CtlSendData
 .text.USBD_CtlContinueSendData
                0x0000000008006954       0x24 Middlewares/ST/STM32_USB_Device_Library/Core/Src/usbd_ioreq.o
                0x0000000008006954                USBD_CtlContinueSendData
 .text.USBD_CtlPrepareRx
                0x0000000008006978       0x3c Middlewares/ST/STM32_USB_Device_Library/Core/Src/usbd_ioreq.o
                0x0000000008006978                USBD_CtlPrepareRx
 .text.USBD_CtlContinueRx
                0x00000000080069b4       0x24 Middlewares/ST/STM32_USB_Device_Library/Core/Src/usbd_ioreq.o
                0x00000000080069b4                USBD_CtlContinueRx
 .text.USBD_CtlSendStatus
                0x00000000080069d8       0x26 Middlewares/ST/STM32_USB_Device_Library/Core/Src/usbd_ioreq.o
                0x00000000080069d8                USBD_CtlSendStatus
 .text.USBD_CtlReceiveStatus
                0x00000000080069fe       0x26 Middlewares/ST/STM32_USB_Device_Library/Core/Src/usbd_ioreq.o
                0x00000000080069fe                USBD_CtlReceiveStatus
 .text.MX_USB_DEVICE_Init
                0x0000000008006a24       0x60 USB_DEVICE/App/usb_device.o
                0x0000000008006a24                MX_USB_DEVICE_Init
 .text.CDC_Init_FS
                0x0000000008006a84       0x28 USB_DEVICE/App/usbd_cdc_if.o
 .text.CDC_DeInit_FS
                0x0000000008006aac        0xe USB_DEVICE/App/usbd_cdc_if.o
 *fill*         0x0000000008006aba        0x2 
 .text.CDC_Control_FS
                0x0000000008006abc       0xe4 USB_DEVICE/App/usbd_cdc_if.o
 .text.CDC_Receive_FS
                0x0000000008006ba0       0x34 USB_DEVICE/App/usbd_cdc_if.o
 .text.CDC_Transmit_FS
                0x0000000008006bd4       0x4c USB_DEVICE/App/usbd_cdc_if.o
                0x0000000008006bd4                CDC_Transmit_FS
 .text.USBD_FS_DeviceDescriptor
                0x0000000008006c20       0x24 USB_DEVICE/App/usbd_desc.o
                0x0000000008006c20                USBD_FS_DeviceDescriptor
 .text.USBD_FS_LangIDStrDescriptor
                0x0000000008006c44       0x24 USB_DEVICE/App/usbd_desc.o
                0x0000000008006c44                USBD_FS_LangIDStrDescriptor
 .text.USBD_FS_ProductStrDescriptor
                0x0000000008006c68       0x3c USB_DEVICE/App/usbd_desc.o
                0x0000000008006c68                USBD_FS_ProductStrDescriptor
 .text.USBD_FS_ManufacturerStrDescriptor
                0x0000000008006ca4       0x28 USB_DEVICE/App/usbd_desc.o
                0x0000000008006ca4                USBD_FS_ManufacturerStrDescriptor
 .text.USBD_FS_SerialStrDescriptor
                0x0000000008006ccc       0x24 USB_DEVICE/App/usbd_desc.o
                0x0000000008006ccc                USBD_FS_SerialStrDescriptor
 .text.USBD_FS_ConfigStrDescriptor
                0x0000000008006cf0       0x3c USB_DEVICE/App/usbd_desc.o
                0x0000000008006cf0                USBD_FS_ConfigStrDescriptor
 .text.USBD_FS_InterfaceStrDescriptor
                0x0000000008006d2c       0x3c USB_DEVICE/App/usbd_desc.o
                0x0000000008006d2c                USBD_FS_InterfaceStrDescriptor
 .text.Get_SerialNum
                0x0000000008006d68       0x58 USB_DEVICE/App/usbd_desc.o
 .text.IntToUnicode
                0x0000000008006dc0       0x7a USB_DEVICE/App/usbd_desc.o
 *fill*         0x0000000008006e3a        0x2 
 .text.HAL_PCD_MspInit
                0x0000000008006e3c       0x5c USB_DEVICE/Target/usbd_conf.o
                0x0000000008006e3c                HAL_PCD_MspInit
 .text.HAL_PCD_SetupStageCallback
                0x0000000008006e98       0x24 USB_DEVICE/Target/usbd_conf.o
                0x0000000008006e98                HAL_PCD_SetupStageCallback
 .text.HAL_PCD_DataOutStageCallback
                0x0000000008006ebc       0x36 USB_DEVICE/Target/usbd_conf.o
                0x0000000008006ebc                HAL_PCD_DataOutStageCallback
 .text.HAL_PCD_DataInStageCallback
                0x0000000008006ef2       0x34 USB_DEVICE/Target/usbd_conf.o
                0x0000000008006ef2                HAL_PCD_DataInStageCallback
 .text.HAL_PCD_SOFCallback
                0x0000000008006f26       0x1c USB_DEVICE/Target/usbd_conf.o
                0x0000000008006f26                HAL_PCD_SOFCallback
 .text.HAL_PCD_ResetCallback
                0x0000000008006f42       0x3c USB_DEVICE/Target/usbd_conf.o
                0x0000000008006f42                HAL_PCD_ResetCallback
 *fill*         0x0000000008006f7e        0x2 
 .text.HAL_PCD_SuspendCallback
                0x0000000008006f80       0x34 USB_DEVICE/Target/usbd_conf.o
                0x0000000008006f80                HAL_PCD_SuspendCallback
 .text.HAL_PCD_ResumeCallback
                0x0000000008006fb4       0x1c USB_DEVICE/Target/usbd_conf.o
                0x0000000008006fb4                HAL_PCD_ResumeCallback
 .text.USBD_LL_Init
                0x0000000008006fd0       0xb4 USB_DEVICE/Target/usbd_conf.o
                0x0000000008006fd0                USBD_LL_Init
 .text.USBD_LL_Start
                0x0000000008007084       0x36 USB_DEVICE/Target/usbd_conf.o
                0x0000000008007084                USBD_LL_Start
 .text.USBD_LL_OpenEP
                0x00000000080070ba       0x4c USB_DEVICE/Target/usbd_conf.o
                0x00000000080070ba                USBD_LL_OpenEP
 .text.USBD_LL_CloseEP
                0x0000000008007106       0x3e USB_DEVICE/Target/usbd_conf.o
                0x0000000008007106                USBD_LL_CloseEP
 .text.USBD_LL_StallEP
                0x0000000008007144       0x3e USB_DEVICE/Target/usbd_conf.o
                0x0000000008007144                USBD_LL_StallEP
 .text.USBD_LL_ClearStallEP
                0x0000000008007182       0x3e USB_DEVICE/Target/usbd_conf.o
                0x0000000008007182                USBD_LL_ClearStallEP
 .text.USBD_LL_IsStallEP
                0x00000000080071c0       0x58 USB_DEVICE/Target/usbd_conf.o
                0x00000000080071c0                USBD_LL_IsStallEP
 .text.USBD_LL_SetUSBAddress
                0x0000000008007218       0x3e USB_DEVICE/Target/usbd_conf.o
                0x0000000008007218                USBD_LL_SetUSBAddress
 .text.USBD_LL_Transmit
                0x0000000008007256       0x46 USB_DEVICE/Target/usbd_conf.o
                0x0000000008007256                USBD_LL_Transmit
 .text.USBD_LL_PrepareReceive
                0x000000000800729c       0x46 USB_DEVICE/Target/usbd_conf.o
                0x000000000800729c                USBD_LL_PrepareReceive
 .text.USBD_LL_GetRxDataSize
                0x00000000080072e2       0x26 USB_DEVICE/Target/usbd_conf.o
                0x00000000080072e2                USBD_LL_GetRxDataSize
 .text.USBD_static_malloc
                0x0000000008007308       0x18 USB_DEVICE/Target/usbd_conf.o
                0x0000000008007308                USBD_static_malloc
 .text.USBD_static_free
                0x0000000008007320       0x12 USB_DEVICE/Target/usbd_conf.o
                0x0000000008007320                USBD_static_free
 .text.HAL_PCDEx_SetConnectionState
                0x0000000008007332       0x16 USB_DEVICE/Target/usbd_conf.o
                0x0000000008007332                HAL_PCDEx_SetConnectionState
 .text.USBD_Get_USB_Status
                0x0000000008007348       0x58 USB_DEVICE/Target/usbd_conf.o
 .text.__libc_init_array
                0x00000000080073a0       0x48 d:/program files/stm32cubeide_1.3.0/stm32cubeide/plugins/com.st.stm32cube.ide.mcu.externaltools.gnu-tools-for-stm32.7-2018-q2-update.win32_1.4.0.202007081208/tools/bin/../lib/gcc/arm-none-eabi/7.3.1/../../../../arm-none-eabi/lib/thumb/v7-m\libc_nano.a(lib_a-init.o)
                0x00000000080073a0                __libc_init_array
 .text.memset   0x00000000080073e8       0x10 d:/program files/stm32cubeide_1.3.0/stm32cubeide/plugins/com.st.stm32cube.ide.mcu.externaltools.gnu-tools-for-stm32.7-2018-q2-update.win32_1.4.0.202007081208/tools/bin/../lib/gcc/arm-none-eabi/7.3.1/../../../../arm-none-eabi/lib/thumb/v7-m\libc_nano.a(lib_a-memset.o)
                0x00000000080073e8                memset
 *(.glue_7)
 .glue_7        0x00000000080073f8        0x0 linker stubs
 *(.glue_7t)
 .glue_7t       0x00000000080073f8        0x0 linker stubs
 *(.eh_frame)
 .eh_frame      0x00000000080073f8        0x0 d:/program files/stm32cubeide_1.3.0/stm32cubeide/plugins/com.st.stm32cube.ide.mcu.externaltools.gnu-tools-for-stm32.7-2018-q2-update.win32_1.4.0.202007081208/tools/bin/../lib/gcc/arm-none-eabi/7.3.1/thumb/v7-m/crtbegin.o
 *(.init)
 .init          0x00000000080073f8        0x4 d:/program files/stm32cubeide_1.3.0/stm32cubeide/plugins/com.st.stm32cube.ide.mcu.externaltools.gnu-tools-for-stm32.7-2018-q2-update.win32_1.4.0.202007081208/tools/bin/../lib/gcc/arm-none-eabi/7.3.1/thumb/v7-m/crti.o
                0x00000000080073f8                _init
 .init          0x00000000080073fc        0x8 d:/program files/stm32cubeide_1.3.0/stm32cubeide/plugins/com.st.stm32cube.ide.mcu.externaltools.gnu-tools-for-stm32.7-2018-q2-update.win32_1.4.0.202007081208/tools/bin/../lib/gcc/arm-none-eabi/7.3.1/thumb/v7-m/crtn.o
 *(.fini)
 .fini          0x0000000008007404        0x4 d:/program files/stm32cubeide_1.3.0/stm32cubeide/plugins/com.st.stm32cube.ide.mcu.externaltools.gnu-tools-for-stm32.7-2018-q2-update.win32_1.4.0.202007081208/tools/bin/../lib/gcc/arm-none-eabi/7.3.1/thumb/v7-m/crti.o
                0x0000000008007404                _fini
 .fini          0x0000000008007408        0x8 d:/program files/stm32cubeide_1.3.0/stm32cubeide/plugins/com.st.stm32cube.ide.mcu.externaltools.gnu-tools-for-stm32.7-2018-q2-update.win32_1.4.0.202007081208/tools/bin/../lib/gcc/arm-none-eabi/7.3.1/thumb/v7-m/crtn.o
                0x0000000008007410                . = ALIGN (0x4)
                0x0000000008007410                _etext = .

.vfp11_veneer   0x0000000008007410        0x0
 .vfp11_veneer  0x0000000008007410        0x0 linker stubs

.v4_bx          0x0000000008007410        0x0
 .v4_bx         0x0000000008007410        0x0 linker stubs

.iplt           0x0000000008007410        0x0
 .iplt          0x0000000008007410        0x0 d:/program files/stm32cubeide_1.3.0/stm32cubeide/plugins/com.st.stm32cube.ide.mcu.externaltools.gnu-tools-for-stm32.7-2018-q2-update.win32_1.4.0.202007081208/tools/bin/../lib/gcc/arm-none-eabi/7.3.1/thumb/v7-m/crtbegin.o

.rodata         0x0000000008007410       0x74
                0x0000000008007410                . = ALIGN (0x4)
 *(.rodata)
 .rodata        0x0000000008007410       0x12 Drivers/STM32F1xx_HAL_Driver/Src/stm32f1xx_hal_rcc.o
 *fill*         0x0000000008007422        0x2 
 .rodata        0x0000000008007424       0x46 USB_DEVICE/App/usbd_desc.o
 *(.rodata*)
 *fill*         0x000000000800746a        0x2 
 .rodata.AHBPrescTable
                0x000000000800746c       0x10 Core/Src/system_stm32f1xx.o
                0x000000000800746c                AHBPrescTable
 .rodata.APBPrescTable
                0x000000000800747c        0x8 Core/Src/system_stm32f1xx.o
                0x000000000800747c                APBPrescTable
                0x0000000008007484                . = ALIGN (0x4)

.rel.dyn        0x0000000008007484        0x0
 .rel.iplt      0x0000000008007484        0x0 d:/program files/stm32cubeide_1.3.0/stm32cubeide/plugins/com.st.stm32cube.ide.mcu.externaltools.gnu-tools-for-stm32.7-2018-q2-update.win32_1.4.0.202007081208/tools/bin/../lib/gcc/arm-none-eabi/7.3.1/thumb/v7-m/crtbegin.o

.ARM.extab      0x0000000008007484        0x0
                0x0000000008007484                . = ALIGN (0x4)
 *(.ARM.extab* .gnu.linkonce.armextab.*)
                0x0000000008007484                . = ALIGN (0x4)

.ARM            0x0000000008007484        0x0
                0x0000000008007484                . = ALIGN (0x4)
                0x0000000008007484                __exidx_start = .
 *(.ARM.exidx*)
                0x0000000008007484                __exidx_end = .
                0x0000000008007484                . = ALIGN (0x4)

.preinit_array  0x0000000008007484        0x0
                0x0000000008007484                . = ALIGN (0x4)
                0x0000000008007484                PROVIDE (__preinit_array_start = .)
 *(.preinit_array*)
                0x0000000008007484                PROVIDE (__preinit_array_end = .)
                0x0000000008007484                . = ALIGN (0x4)

.init_array     0x0000000008007484        0x4
                0x0000000008007484                . = ALIGN (0x4)
                0x0000000008007484                PROVIDE (__init_array_start = .)
 *(SORT_BY_NAME(.init_array.*))
 *(.init_array*)
 .init_array    0x0000000008007484        0x4 d:/program files/stm32cubeide_1.3.0/stm32cubeide/plugins/com.st.stm32cube.ide.mcu.externaltools.gnu-tools-for-stm32.7-2018-q2-update.win32_1.4.0.202007081208/tools/bin/../lib/gcc/arm-none-eabi/7.3.1/thumb/v7-m/crtbegin.o
                0x0000000008007488                PROVIDE (__init_array_end = .)
                0x0000000008007488                . = ALIGN (0x4)

.fini_array     0x0000000008007488        0x4
                0x0000000008007488                . = ALIGN (0x4)
                [!provide]                        PROVIDE (__fini_array_start = .)
 *(SORT_BY_NAME(.fini_array.*))
 *(.fini_array*)
 .fini_array    0x0000000008007488        0x4 d:/program files/stm32cubeide_1.3.0/stm32cubeide/plugins/com.st.stm32cube.ide.mcu.externaltools.gnu-tools-for-stm32.7-2018-q2-update.win32_1.4.0.202007081208/tools/bin/../lib/gcc/arm-none-eabi/7.3.1/thumb/v7-m/crtbegin.o
                [!provide]                        PROVIDE (__fini_array_end = .)
                0x000000000800748c                . = ALIGN (0x4)
                0x000000000800748c                _sidata = LOADADDR (.data)

.data           0x0000000020000000      0x17c load address 0x000000000800748c
                0x0000000020000000                . = ALIGN (0x4)
                0x0000000020000000                _sdata = .
 *(.data)
 *(.data*)
 .data.SystemCoreClock
                0x0000000020000000        0x4 Core/Src/system_stm32f1xx.o
                0x0000000020000000                SystemCoreClock
 .data.uwTickPrio
                0x0000000020000004        0x4 Drivers/STM32F1xx_HAL_Driver/Src/stm32f1xx_hal.o
                0x0000000020000004                uwTickPrio
 .data.uwTickFreq
                0x0000000020000008        0x1 Drivers/STM32F1xx_HAL_Driver/Src/stm32f1xx_hal.o
                0x0000000020000008                uwTickFreq
 *fill*         0x0000000020000009        0x3 
 .data.USBD_CDC_DeviceQualifierDesc
                0x000000002000000c        0xa Middlewares/ST/STM32_USB_Device_Library/Class/CDC/Src/usbd_cdc.o
 *fill*         0x0000000020000016        0x2 
 .data.USBD_CDC
                0x0000000020000018       0x38 Middlewares/ST/STM32_USB_Device_Library/Class/CDC/Src/usbd_cdc.o
                0x0000000020000018                USBD_CDC
 .data.USBD_CDC_CfgHSDesc
                0x0000000020000050       0x43 Middlewares/ST/STM32_USB_Device_Library/Class/CDC/Src/usbd_cdc.o
                0x0000000020000050                USBD_CDC_CfgHSDesc
 *fill*         0x0000000020000093        0x1 
 .data.USBD_CDC_CfgFSDesc
                0x0000000020000094       0x43 Middlewares/ST/STM32_USB_Device_Library/Class/CDC/Src/usbd_cdc.o
                0x0000000020000094                USBD_CDC_CfgFSDesc
 *fill*         0x00000000200000d7        0x1 
 .data.USBD_CDC_OtherSpeedCfgDesc
                0x00000000200000d8       0x43 Middlewares/ST/STM32_USB_Device_Library/Class/CDC/Src/usbd_cdc.o
                0x00000000200000d8                USBD_CDC_OtherSpeedCfgDesc
 *fill*         0x000000002000011b        0x1 
 .data.USBD_Interface_fops_FS
                0x000000002000011c       0x10 USB_DEVICE/App/usbd_cdc_if.o
                0x000000002000011c                USBD_Interface_fops_FS
 .data.FS_Desc  0x000000002000012c       0x1c USB_DEVICE/App/usbd_desc.o
                0x000000002000012c                FS_Desc
 .data.USBD_FS_DeviceDesc
                0x0000000020000148       0x12 USB_DEVICE/App/usbd_desc.o
                0x0000000020000148                USBD_FS_DeviceDesc
 *fill*         0x000000002000015a        0x2 
 .data.USBD_LangIDDesc
                0x000000002000015c        0x4 USB_DEVICE/App/usbd_desc.o
                0x000000002000015c                USBD_LangIDDesc
 .data.USBD_StringSerial
                0x0000000020000160       0x1a USB_DEVICE/App/usbd_desc.o
                0x0000000020000160                USBD_StringSerial
                0x000000002000017c                . = ALIGN (0x4)
 *fill*         0x000000002000017a        0x2 
                0x000000002000017c                _edata = .

.igot.plt       0x000000002000017c        0x0 load address 0x0000000008007608
 .igot.plt      0x000000002000017c        0x0 d:/program files/stm32cubeide_1.3.0/stm32cubeide/plugins/com.st.stm32cube.ide.mcu.externaltools.gnu-tools-for-stm32.7-2018-q2-update.win32_1.4.0.202007081208/tools/bin/../lib/gcc/arm-none-eabi/7.3.1/thumb/v7-m/crtbegin.o
                0x000000002000017c                . = ALIGN (0x4)

.bss            0x000000002000017c     0x120c load address 0x0000000008007608
                0x000000002000017c                _sbss = .
                0x000000002000017c                __bss_start__ = _sbss
 *(.bss)
 .bss           0x000000002000017c       0x1c d:/program files/stm32cubeide_1.3.0/stm32cubeide/plugins/com.st.stm32cube.ide.mcu.externaltools.gnu-tools-for-stm32.7-2018-q2-update.win32_1.4.0.202007081208/tools/bin/../lib/gcc/arm-none-eabi/7.3.1/thumb/v7-m/crtbegin.o
 *(.bss*)
 .bss.cfgidx.7757
                0x0000000020000198        0x1 Middlewares/ST/STM32_USB_Device_Library/Core/Src/usbd_ctlreq.o
 *fill*         0x0000000020000199        0x3 
 .bss.mem.7825  0x000000002000019c      0x220 USB_DEVICE/Target/usbd_conf.o
 *(COMMON)
 COMMON         0x00000000200003bc       0x40 Core/Src/main.o
                0x00000000200003bc                huart1
 COMMON         0x00000000200003fc        0x4 Drivers/STM32F1xx_HAL_Driver/Src/stm32f1xx_hal.o
                0x00000000200003fc                uwTick
 COMMON         0x0000000020000400      0x2c4 USB_DEVICE/App/usb_device.o
                0x0000000020000400                hUsbDeviceFS
 COMMON         0x00000000200006c4      0x7d7 USB_DEVICE/App/usbd_cdc_if.o
                0x00000000200006c4                UserRxBufferFS
                0x0000000020000aac                UserTxBufferFS
                0x0000000020000e94                buffer
 *fill*         0x0000000020000e9b        0x1 
 COMMON         0x0000000020000e9c      0x200 USB_DEVICE/App/usbd_desc.o
                0x0000000020000e9c                USBD_StrDesc
 COMMON         0x000000002000109c      0x2ec USB_DEVICE/Target/usbd_conf.o
                0x000000002000109c                hpcd_USB_FS
                0x0000000020001388                . = ALIGN (0x4)
                0x0000000020001388                _ebss = .
                0x0000000020001388                __bss_end__ = _ebss

._user_heap_stack
                0x0000000020001388     0x2400 load address 0x0000000008007608
                0x0000000020001388                . = ALIGN (0x8)
                [!provide]                        PROVIDE (end = .)
                0x0000000020001388                PROVIDE (_end = .)
                0x0000000020003388                . = (. + _Min_Heap_Size)
 *fill*         0x0000000020001388     0x2000 
                0x0000000020003788                . = (. + _Min_Stack_Size)
 *fill*         0x0000000020003388      0x400 
                0x0000000020003788                . = ALIGN (0x8)

/DISCARD/
 libc.a(*)
 libm.a(*)
 libgcc.a(*)

.ARM.attributes
                0x0000000000000000       0x29
 *(.ARM.attributes)
 .ARM.attributes
                0x0000000000000000       0x1d d:/program files/stm32cubeide_1.3.0/stm32cubeide/plugins/com.st.stm32cube.ide.mcu.externaltools.gnu-tools-for-stm32.7-2018-q2-update.win32_1.4.0.202007081208/tools/bin/../lib/gcc/arm-none-eabi/7.3.1/thumb/v7-m/crti.o
 .ARM.attributes
                0x000000000000001d       0x2d d:/program files/stm32cubeide_1.3.0/stm32cubeide/plugins/com.st.stm32cube.ide.mcu.externaltools.gnu-tools-for-stm32.7-2018-q2-update.win32_1.4.0.202007081208/tools/bin/../lib/gcc/arm-none-eabi/7.3.1/thumb/v7-m/crtbegin.o
 .ARM.attributes
                0x000000000000004a       0x33 Core/Src/main.o
 .ARM.attributes
                0x000000000000007d       0x33 Core/Src/stm32f1xx_hal_msp.o
 .ARM.attributes
                0x00000000000000b0       0x33 Core/Src/stm32f1xx_it.o
 .ARM.attributes
                0x00000000000000e3       0x33 Core/Src/system_stm32f1xx.o
 .ARM.attributes
                0x0000000000000116       0x21 Core/Startup/startup_stm32f103c8tx.o
 .ARM.attributes
                0x0000000000000137       0x33 Drivers/STM32F1xx_HAL_Driver/Src/stm32f1xx_hal.o
 .ARM.attributes
                0x000000000000016a       0x33 Drivers/STM32F1xx_HAL_Driver/Src/stm32f1xx_hal_cortex.o
 .ARM.attributes
                0x000000000000019d       0x33 Drivers/STM32F1xx_HAL_Driver/Src/stm32f1xx_hal_dma.o
 .ARM.attributes
                0x00000000000001d0       0x33 Drivers/STM32F1xx_HAL_Driver/Src/stm32f1xx_hal_gpio.o
 .ARM.attributes
                0x0000000000000203       0x33 Drivers/STM32F1xx_HAL_Driver/Src/stm32f1xx_hal_pcd.o
 .ARM.attributes
                0x0000000000000236       0x33 Drivers/STM32F1xx_HAL_Driver/Src/stm32f1xx_hal_pcd_ex.o
 .ARM.attributes
                0x0000000000000269       0x33 Drivers/STM32F1xx_HAL_Driver/Src/stm32f1xx_hal_rcc.o
 .ARM.attributes
                0x000000000000029c       0x33 Drivers/STM32F1xx_HAL_Driver/Src/stm32f1xx_hal_rcc_ex.o
 .ARM.attributes
                0x00000000000002cf       0x33 Drivers/STM32F1xx_HAL_Driver/Src/stm32f1xx_hal_uart.o
 .ARM.attributes
                0x0000000000000302       0x33 Drivers/STM32F1xx_HAL_Driver/Src/stm32f1xx_ll_usb.o
 .ARM.attributes
                0x0000000000000335       0x33 Middlewares/ST/STM32_USB_Device_Library/Class/CDC/Src/usbd_cdc.o
 .ARM.attributes
                0x0000000000000368       0x33 Middlewares/ST/STM32_USB_Device_Library/Core/Src/usbd_core.o
 .ARM.attributes
                0x000000000000039b       0x33 Middlewares/ST/STM32_USB_Device_Library/Core/Src/usbd_ctlreq.o
 .ARM.attributes
                0x00000000000003ce       0x33 Middlewares/ST/STM32_USB_Device_Library/Core/Src/usbd_ioreq.o
 .ARM.attributes
                0x0000000000000401       0x33 USB_DEVICE/App/usb_device.o
 .ARM.attributes
                0x0000000000000434       0x33 USB_DEVICE/App/usbd_cdc_if.o
 .ARM.attributes
                0x0000000000000467       0x33 USB_DEVICE/App/usbd_desc.o
 .ARM.attributes
                0x000000000000049a       0x33 USB_DEVICE/Target/usbd_conf.o
 .ARM.attributes
                0x00000000000004cd       0x2d d:/program files/stm32cubeide_1.3.0/stm32cubeide/plugins/com.st.stm32cube.ide.mcu.externaltools.gnu-tools-for-stm32.7-2018-q2-update.win32_1.4.0.202007081208/tools/bin/../lib/gcc/arm-none-eabi/7.3.1/../../../../arm-none-eabi/lib/thumb/v7-m\libc_nano.a(lib_a-init.o)
 .ARM.attributes
                0x00000000000004fa       0x2d d:/program files/stm32cubeide_1.3.0/stm32cubeide/plugins/com.st.stm32cube.ide.mcu.externaltools.gnu-tools-for-stm32.7-2018-q2-update.win32_1.4.0.202007081208/tools/bin/../lib/gcc/arm-none-eabi/7.3.1/../../../../arm-none-eabi/lib/thumb/v7-m\libc_nano.a(lib_a-memset.o)
 .ARM.attributes
                0x0000000000000527       0x1d d:/program files/stm32cubeide_1.3.0/stm32cubeide/plugins/com.st.stm32cube.ide.mcu.externaltools.gnu-tools-for-stm32.7-2018-q2-update.win32_1.4.0.202007081208/tools/bin/../lib/gcc/arm-none-eabi/7.3.1/thumb/v7-m/crtn.o
OUTPUT(USB_device_F103.elf elf32-littlearm)

.debug_info     0x0000000000000000    0x12bac
 .debug_info    0x0000000000000000     0x107c Core/Src/main.o
 .debug_info    0x000000000000107c      0x978 Core/Src/stm32f1xx_hal_msp.o
 .debug_info    0x00000000000019f4      0xaa2 Core/Src/stm32f1xx_it.o
 .debug_info    0x0000000000002496      0x29a Core/Src/system_stm32f1xx.o
 .debug_info    0x0000000000002730       0x22 Core/Startup/startup_stm32f103c8tx.o
 .debug_info    0x0000000000002752      0x714 Drivers/STM32F1xx_HAL_Driver/Src/stm32f1xx_hal.o
 .debug_info    0x0000000000002e66      0xb51 Drivers/STM32F1xx_HAL_Driver/Src/stm32f1xx_hal_cortex.o
 .debug_info    0x00000000000039b7      0x7b1 Drivers/STM32F1xx_HAL_Driver/Src/stm32f1xx_hal_dma.o
 .debug_info    0x0000000000004168      0x69b Drivers/STM32F1xx_HAL_Driver/Src/stm32f1xx_hal_gpio.o
 .debug_info    0x0000000000004803     0x122f Drivers/STM32F1xx_HAL_Driver/Src/stm32f1xx_hal_pcd.o
 .debug_info    0x0000000000005a32      0x785 Drivers/STM32F1xx_HAL_Driver/Src/stm32f1xx_hal_pcd_ex.o
 .debug_info    0x00000000000061b7      0x80f Drivers/STM32F1xx_HAL_Driver/Src/stm32f1xx_hal_rcc.o
 .debug_info    0x00000000000069c6      0x444 Drivers/STM32F1xx_HAL_Driver/Src/stm32f1xx_hal_rcc_ex.o
 .debug_info    0x0000000000006e0a     0x121b Drivers/STM32F1xx_HAL_Driver/Src/stm32f1xx_hal_uart.o
 .debug_info    0x0000000000008025     0x17e7 Drivers/STM32F1xx_HAL_Driver/Src/stm32f1xx_ll_usb.o
 .debug_info    0x000000000000980c     0x17b6 Middlewares/ST/STM32_USB_Device_Library/Class/CDC/Src/usbd_cdc.o
 .debug_info    0x000000000000afc2     0x11d2 Middlewares/ST/STM32_USB_Device_Library/Core/Src/usbd_core.o
 .debug_info    0x000000000000c194     0x1142 Middlewares/ST/STM32_USB_Device_Library/Core/Src/usbd_ctlreq.o
 .debug_info    0x000000000000d2d6      0xf33 Middlewares/ST/STM32_USB_Device_Library/Core/Src/usbd_ioreq.o
 .debug_info    0x000000000000e209      0xe7b USB_DEVICE/App/usb_device.o
 .debug_info    0x000000000000f084     0x1057 USB_DEVICE/App/usbd_cdc_if.o
 .debug_info    0x00000000000100db      0xd17 USB_DEVICE/App/usbd_desc.o
 .debug_info    0x0000000000010df2     0x1dba USB_DEVICE/Target/usbd_conf.o

.debug_abbrev   0x0000000000000000     0x2df1
 .debug_abbrev  0x0000000000000000      0x238 Core/Src/main.o
 .debug_abbrev  0x0000000000000238      0x195 Core/Src/stm32f1xx_hal_msp.o
 .debug_abbrev  0x00000000000003cd      0x174 Core/Src/stm32f1xx_it.o
 .debug_abbrev  0x0000000000000541      0x134 Core/Src/system_stm32f1xx.o
 .debug_abbrev  0x0000000000000675       0x12 Core/Startup/startup_stm32f103c8tx.o
 .debug_abbrev  0x0000000000000687      0x1c7 Drivers/STM32F1xx_HAL_Driver/Src/stm32f1xx_hal.o
 .debug_abbrev  0x000000000000084e      0x2d5 Drivers/STM32F1xx_HAL_Driver/Src/stm32f1xx_hal_cortex.o
 .debug_abbrev  0x0000000000000b23      0x1fe Drivers/STM32F1xx_HAL_Driver/Src/stm32f1xx_hal_dma.o
 .debug_abbrev  0x0000000000000d21      0x1c0 Drivers/STM32F1xx_HAL_Driver/Src/stm32f1xx_hal_gpio.o
 .debug_abbrev  0x0000000000000ee1      0x268 Drivers/STM32F1xx_HAL_Driver/Src/stm32f1xx_hal_pcd.o
 .debug_abbrev  0x0000000000001149      0x188 Drivers/STM32F1xx_HAL_Driver/Src/stm32f1xx_hal_pcd_ex.o
 .debug_abbrev  0x00000000000012d1      0x243 Drivers/STM32F1xx_HAL_Driver/Src/stm32f1xx_hal_rcc.o
 .debug_abbrev  0x0000000000001514      0x175 Drivers/STM32F1xx_HAL_Driver/Src/stm32f1xx_hal_rcc_ex.o
 .debug_abbrev  0x0000000000001689      0x242 Drivers/STM32F1xx_HAL_Driver/Src/stm32f1xx_hal_uart.o
 .debug_abbrev  0x00000000000018cb      0x1d2 Drivers/STM32F1xx_HAL_Driver/Src/stm32f1xx_ll_usb.o
 .debug_abbrev  0x0000000000001a9d      0x2b6 Middlewares/ST/STM32_USB_Device_Library/Class/CDC/Src/usbd_cdc.o
 .debug_abbrev  0x0000000000001d53      0x270 Middlewares/ST/STM32_USB_Device_Library/Core/Src/usbd_core.o
 .debug_abbrev  0x0000000000001fc3      0x2a0 Middlewares/ST/STM32_USB_Device_Library/Core/Src/usbd_ctlreq.o
 .debug_abbrev  0x0000000000002263      0x1e0 Middlewares/ST/STM32_USB_Device_Library/Core/Src/usbd_ioreq.o
 .debug_abbrev  0x0000000000002443      0x1be USB_DEVICE/App/usb_device.o
 .debug_abbrev  0x0000000000002601      0x285 USB_DEVICE/App/usbd_cdc_if.o
 .debug_abbrev  0x0000000000002886      0x290 USB_DEVICE/App/usbd_desc.o
 .debug_abbrev  0x0000000000002b16      0x2db USB_DEVICE/Target/usbd_conf.o

.debug_aranges  0x0000000000000000      0xcd8
 .debug_aranges
                0x0000000000000000       0x40 Core/Src/main.o
 .debug_aranges
                0x0000000000000040       0x30 Core/Src/stm32f1xx_hal_msp.o
 .debug_aranges
                0x0000000000000070       0x78 Core/Src/stm32f1xx_it.o
 .debug_aranges
                0x00000000000000e8       0x28 Core/Src/system_stm32f1xx.o
 .debug_aranges
                0x0000000000000110       0x28 Core/Startup/startup_stm32f103c8tx.o
 .debug_aranges
                0x0000000000000138       0xe0 Drivers/STM32F1xx_HAL_Driver/Src/stm32f1xx_hal.o
 .debug_aranges
                0x0000000000000218      0x100 Drivers/STM32F1xx_HAL_Driver/Src/stm32f1xx_hal_cortex.o
 .debug_aranges
                0x0000000000000318       0x80 Drivers/STM32F1xx_HAL_Driver/Src/stm32f1xx_hal_dma.o
 .debug_aranges
                0x0000000000000398       0x58 Drivers/STM32F1xx_HAL_Driver/Src/stm32f1xx_hal_gpio.o
 .debug_aranges
                0x00000000000003f0      0x138 Drivers/STM32F1xx_HAL_Driver/Src/stm32f1xx_hal_pcd.o
 .debug_aranges
                0x0000000000000528       0x38 Drivers/STM32F1xx_HAL_Driver/Src/stm32f1xx_hal_pcd_ex.o
 .debug_aranges
                0x0000000000000560       0x90 Drivers/STM32F1xx_HAL_Driver/Src/stm32f1xx_hal_rcc.o
 .debug_aranges
                0x00000000000005f0       0x30 Drivers/STM32F1xx_HAL_Driver/Src/stm32f1xx_hal_rcc_ex.o
 .debug_aranges
                0x0000000000000620      0x1d0 Drivers/STM32F1xx_HAL_Driver/Src/stm32f1xx_hal_uart.o
 .debug_aranges
                0x00000000000007f0       0xf0 Drivers/STM32F1xx_HAL_Driver/Src/stm32f1xx_ll_usb.o
 .debug_aranges
                0x00000000000008e0       0x90 Middlewares/ST/STM32_USB_Device_Library/Class/CDC/Src/usbd_cdc.o
 .debug_aranges
                0x0000000000000970       0xb8 Middlewares/ST/STM32_USB_Device_Library/Core/Src/usbd_core.o
 .debug_aranges
                0x0000000000000a28       0x88 Middlewares/ST/STM32_USB_Device_Library/Core/Src/usbd_ctlreq.o
 .debug_aranges
                0x0000000000000ab0       0x50 Middlewares/ST/STM32_USB_Device_Library/Core/Src/usbd_ioreq.o
 .debug_aranges
                0x0000000000000b00       0x20 USB_DEVICE/App/usb_device.o
 .debug_aranges
                0x0000000000000b20       0x40 USB_DEVICE/App/usbd_cdc_if.o
 .debug_aranges
                0x0000000000000b60       0x60 USB_DEVICE/App/usbd_desc.o
 .debug_aranges
                0x0000000000000bc0      0x118 USB_DEVICE/Target/usbd_conf.o

.debug_ranges   0x0000000000000000      0xb70
 .debug_ranges  0x0000000000000000       0x30 Core/Src/main.o
 .debug_ranges  0x0000000000000030       0x20 Core/Src/stm32f1xx_hal_msp.o
 .debug_ranges  0x0000000000000050       0x68 Core/Src/stm32f1xx_it.o
 .debug_ranges  0x00000000000000b8       0x18 Core/Src/system_stm32f1xx.o
 .debug_ranges  0x00000000000000d0       0x20 Core/Startup/startup_stm32f103c8tx.o
 .debug_ranges  0x00000000000000f0       0xd0 Drivers/STM32F1xx_HAL_Driver/Src/stm32f1xx_hal.o
 .debug_ranges  0x00000000000001c0       0xf0 Drivers/STM32F1xx_HAL_Driver/Src/stm32f1xx_hal_cortex.o
 .debug_ranges  0x00000000000002b0       0x70 Drivers/STM32F1xx_HAL_Driver/Src/stm32f1xx_hal_dma.o
 .debug_ranges  0x0000000000000320       0x48 Drivers/STM32F1xx_HAL_Driver/Src/stm32f1xx_hal_gpio.o
 .debug_ranges  0x0000000000000368      0x128 Drivers/STM32F1xx_HAL_Driver/Src/stm32f1xx_hal_pcd.o
 .debug_ranges  0x0000000000000490       0x28 Drivers/STM32F1xx_HAL_Driver/Src/stm32f1xx_hal_pcd_ex.o
 .debug_ranges  0x00000000000004b8       0x80 Drivers/STM32F1xx_HAL_Driver/Src/stm32f1xx_hal_rcc.o
 .debug_ranges  0x0000000000000538       0x20 Drivers/STM32F1xx_HAL_Driver/Src/stm32f1xx_hal_rcc_ex.o
 .debug_ranges  0x0000000000000558      0x1c0 Drivers/STM32F1xx_HAL_Driver/Src/stm32f1xx_hal_uart.o
 .debug_ranges  0x0000000000000718       0xe0 Drivers/STM32F1xx_HAL_Driver/Src/stm32f1xx_ll_usb.o
 .debug_ranges  0x00000000000007f8       0x80 Middlewares/ST/STM32_USB_Device_Library/Class/CDC/Src/usbd_cdc.o
 .debug_ranges  0x0000000000000878       0xa8 Middlewares/ST/STM32_USB_Device_Library/Core/Src/usbd_core.o
 .debug_ranges  0x0000000000000920       0x78 Middlewares/ST/STM32_USB_Device_Library/Core/Src/usbd_ctlreq.o
 .debug_ranges  0x0000000000000998       0x40 Middlewares/ST/STM32_USB_Device_Library/Core/Src/usbd_ioreq.o
 .debug_ranges  0x00000000000009d8       0x10 USB_DEVICE/App/usb_device.o
 .debug_ranges  0x00000000000009e8       0x30 USB_DEVICE/App/usbd_cdc_if.o
 .debug_ranges  0x0000000000000a18       0x50 USB_DEVICE/App/usbd_desc.o
 .debug_ranges  0x0000000000000a68      0x108 USB_DEVICE/Target/usbd_conf.o

.debug_macro    0x0000000000000000    0x19bf0
 .debug_macro   0x0000000000000000      0x39e Core/Src/main.o
 .debug_macro   0x000000000000039e      0xa5a Core/Src/main.o
 .debug_macro   0x0000000000000df8      0x21b Core/Src/main.o
 .debug_macro   0x0000000000001013       0x2e Core/Src/main.o
 .debug_macro   0x0000000000001041       0x22 Core/Src/main.o
 .debug_macro   0x0000000000001063       0x22 Core/Src/main.o
 .debug_macro   0x0000000000001085       0x8e Core/Src/main.o
 .debug_macro   0x0000000000001113       0x51 Core/Src/main.o
 .debug_macro   0x0000000000001164       0xef Core/Src/main.o
 .debug_macro   0x0000000000001253       0x6a Core/Src/main.o
 .debug_macro   0x00000000000012bd      0x1df Core/Src/main.o
 .debug_macro   0x000000000000149c       0x1c Core/Src/main.o
 .debug_macro   0x00000000000014b8       0x22 Core/Src/main.o
 .debug_macro   0x00000000000014da       0xc3 Core/Src/main.o
 .debug_macro   0x000000000000159d      0xd23 Core/Src/main.o
 .debug_macro   0x00000000000022c0     0xe097 Core/Src/main.o
 .debug_macro   0x0000000000010357       0x43 Core/Src/main.o
 .debug_macro   0x000000000001039a     0x3468 Core/Src/main.o
 .debug_macro   0x0000000000013802      0x174 Core/Src/main.o
 .debug_macro   0x0000000000013976       0x5c Core/Src/main.o
 .debug_macro   0x00000000000139d2      0x5be Core/Src/main.o
 .debug_macro   0x0000000000013f90      0x289 Core/Src/main.o
 .debug_macro   0x0000000000014219      0x1cb Core/Src/main.o
 .debug_macro   0x00000000000143e4      0x114 Core/Src/main.o
 .debug_macro   0x00000000000144f8      0x1b2 Core/Src/main.o
 .debug_macro   0x00000000000146aa       0x27 Core/Src/main.o
 .debug_macro   0x00000000000146d1      0x136 Core/Src/main.o
 .debug_macro   0x0000000000014807      0x1bc Core/Src/main.o
 .debug_macro   0x00000000000149c3       0x34 Core/Src/main.o
 .debug_macro   0x00000000000149f7       0x3c Core/Src/main.o
 .debug_macro   0x0000000000014a33       0x57 Core/Src/main.o
 .debug_macro   0x0000000000014a8a       0x88 Core/Src/main.o
 .debug_macro   0x0000000000014b12      0x241 Core/Src/main.o
 .debug_macro   0x0000000000014d53      0x141 Core/Src/main.o
 .debug_macro   0x0000000000014e94      0x26b Core/Src/main.o
 .debug_macro   0x00000000000150ff       0x65 Core/Src/main.o
 .debug_macro   0x0000000000015164      0x249 Core/Src/main.o
 .debug_macro   0x00000000000153ad       0x83 Core/Src/main.o
 .debug_macro   0x0000000000015430       0x46 Core/Src/main.o
 .debug_macro   0x0000000000015476       0x18 Core/Src/main.o
 .debug_macro   0x000000000001548e       0x3c Core/Src/main.o
 .debug_macro   0x00000000000154ca       0x34 Core/Src/main.o
 .debug_macro   0x00000000000154fe       0x16 Core/Src/main.o
 .debug_macro   0x0000000000015514       0x35 Core/Src/main.o
 .debug_macro   0x0000000000015549      0x32a Core/Src/main.o
 .debug_macro   0x0000000000015873       0x10 Core/Src/main.o
 .debug_macro   0x0000000000015883       0x52 Core/Src/main.o
 .debug_macro   0x00000000000158d5       0x1f Core/Src/main.o
 .debug_macro   0x00000000000158f4       0x43 Core/Src/main.o
 .debug_macro   0x0000000000015937       0x20 Core/Src/main.o
 .debug_macro   0x0000000000015957      0x1a3 Core/Src/main.o
 .debug_macro   0x0000000000015afa       0x10 Core/Src/main.o
 .debug_macro   0x0000000000015b0a       0x1c Core/Src/main.o
 .debug_macro   0x0000000000015b26       0x52 Core/Src/main.o
 .debug_macro   0x0000000000015b78       0x40 Core/Src/main.o
 .debug_macro   0x0000000000015bb8       0x10 Core/Src/main.o
 .debug_macro   0x0000000000015bc8       0x40 Core/Src/main.o
 .debug_macro   0x0000000000015c08       0xd7 Core/Src/main.o
 .debug_macro   0x0000000000015cdf       0x1c Core/Src/main.o
 .debug_macro   0x0000000000015cfb       0x3d Core/Src/main.o
 .debug_macro   0x0000000000015d38       0x16 Core/Src/main.o
 .debug_macro   0x0000000000015d4e      0x145 Core/Src/main.o
 .debug_macro   0x0000000000015e93       0x16 Core/Src/main.o
 .debug_macro   0x0000000000015ea9       0x16 Core/Src/main.o
 .debug_macro   0x0000000000015ebf       0x29 Core/Src/main.o
 .debug_macro   0x0000000000015ee8       0x16 Core/Src/main.o
 .debug_macro   0x0000000000015efe       0x20 Core/Src/main.o
 .debug_macro   0x0000000000015f1e       0x60 Core/Src/main.o
 .debug_macro   0x0000000000015f7e      0x1c8 Core/Src/main.o
 .debug_macro   0x0000000000016146      0x1bc Core/Src/stm32f1xx_hal_msp.o
 .debug_macro   0x0000000000016302      0x1c6 Core/Src/stm32f1xx_it.o
 .debug_macro   0x00000000000164c8      0x1b2 Core/Src/system_stm32f1xx.o
 .debug_macro   0x000000000001667a      0x1d6 Drivers/STM32F1xx_HAL_Driver/Src/stm32f1xx_hal.o
 .debug_macro   0x0000000000016850      0x1b2 Drivers/STM32F1xx_HAL_Driver/Src/stm32f1xx_hal_cortex.o
 .debug_macro   0x0000000000016a02      0x1b2 Drivers/STM32F1xx_HAL_Driver/Src/stm32f1xx_hal_dma.o
 .debug_macro   0x0000000000016bb4      0x21d Drivers/STM32F1xx_HAL_Driver/Src/stm32f1xx_hal_gpio.o
 .debug_macro   0x0000000000016dd1      0x1be Drivers/STM32F1xx_HAL_Driver/Src/stm32f1xx_hal_pcd.o
 .debug_macro   0x0000000000016f8f      0x1b2 Drivers/STM32F1xx_HAL_Driver/Src/stm32f1xx_hal_pcd_ex.o
 .debug_macro   0x0000000000017141      0x1c4 Drivers/STM32F1xx_HAL_Driver/Src/stm32f1xx_hal_rcc.o
 .debug_macro   0x0000000000017305      0x1b2 Drivers/STM32F1xx_HAL_Driver/Src/stm32f1xx_hal_rcc_ex.o
 .debug_macro   0x00000000000174b7      0x1b3 Drivers/STM32F1xx_HAL_Driver/Src/stm32f1xx_hal_uart.o
 .debug_macro   0x000000000001766a      0x1b2 Drivers/STM32F1xx_HAL_Driver/Src/stm32f1xx_ll_usb.o
 .debug_macro   0x000000000001781c      0x3c9 Middlewares/ST/STM32_USB_Device_Library/Class/CDC/Src/usbd_cdc.o
 .debug_macro   0x0000000000017be5       0x97 Middlewares/ST/STM32_USB_Device_Library/Class/CDC/Src/usbd_cdc.o
 .debug_macro   0x0000000000017c7c       0xfd Middlewares/ST/STM32_USB_Device_Library/Class/CDC/Src/usbd_cdc.o
 .debug_macro   0x0000000000017d79       0xbd Middlewares/ST/STM32_USB_Device_Library/Class/CDC/Src/usbd_cdc.o
 .debug_macro   0x0000000000017e36       0x56 Middlewares/ST/STM32_USB_Device_Library/Class/CDC/Src/usbd_cdc.o
 .debug_macro   0x0000000000017e8c       0x8f Middlewares/ST/STM32_USB_Device_Library/Class/CDC/Src/usbd_cdc.o
 .debug_macro   0x0000000000017f1b      0x3b0 Middlewares/ST/STM32_USB_Device_Library/Core/Src/usbd_core.o
 .debug_macro   0x00000000000182cb      0x1ce Middlewares/ST/STM32_USB_Device_Library/Core/Src/usbd_core.o
 .debug_macro   0x0000000000018499      0x3ba Middlewares/ST/STM32_USB_Device_Library/Core/Src/usbd_ctlreq.o
 .debug_macro   0x0000000000018853      0x3b6 Middlewares/ST/STM32_USB_Device_Library/Core/Src/usbd_ioreq.o
 .debug_macro   0x0000000000018c09      0x3ef USB_DEVICE/App/usb_device.o
 .debug_macro   0x0000000000018ff8       0x22 USB_DEVICE/App/usb_device.o
 .debug_macro   0x000000000001901a       0x16 USB_DEVICE/App/usb_device.o
 .debug_macro   0x0000000000019030      0x3d4 USB_DEVICE/App/usbd_cdc_if.o
 .debug_macro   0x0000000000019404       0x10 USB_DEVICE/App/usbd_cdc_if.o
 .debug_macro   0x0000000000019414      0x3ed USB_DEVICE/App/usbd_desc.o
 .debug_macro   0x0000000000019801       0x1c USB_DEVICE/App/usbd_desc.o
 .debug_macro   0x000000000001981d      0x3d3 USB_DEVICE/Target/usbd_conf.o

.debug_line     0x0000000000000000     0xdf68
 .debug_line    0x0000000000000000      0x9da Core/Src/main.o
 .debug_line    0x00000000000009da      0x6ee Core/Src/stm32f1xx_hal_msp.o
 .debug_line    0x00000000000010c8      0x793 Core/Src/stm32f1xx_it.o
 .debug_line    0x000000000000185b      0x6e1 Core/Src/system_stm32f1xx.o
 .debug_line    0x0000000000001f3c       0x84 Core/Startup/startup_stm32f103c8tx.o
 .debug_line    0x0000000000001fc0      0x894 Drivers/STM32F1xx_HAL_Driver/Src/stm32f1xx_hal.o
 .debug_line    0x0000000000002854      0x96b Drivers/STM32F1xx_HAL_Driver/Src/stm32f1xx_hal_cortex.o
 .debug_line    0x00000000000031bf      0xaf9 Drivers/STM32F1xx_HAL_Driver/Src/stm32f1xx_hal_dma.o
 .debug_line    0x0000000000003cb8      0x890 Drivers/STM32F1xx_HAL_Driver/Src/stm32f1xx_hal_gpio.o
 .debug_line    0x0000000000004548      0xcf8 Drivers/STM32F1xx_HAL_Driver/Src/stm32f1xx_hal_pcd.o
 .debug_line    0x0000000000005240      0x705 Drivers/STM32F1xx_HAL_Driver/Src/stm32f1xx_hal_pcd_ex.o
 .debug_line    0x0000000000005945      0x954 Drivers/STM32F1xx_HAL_Driver/Src/stm32f1xx_hal_rcc.o
 .debug_line    0x0000000000006299      0x772 Drivers/STM32F1xx_HAL_Driver/Src/stm32f1xx_hal_rcc_ex.o
 .debug_line    0x0000000000006a0b      0xfd2 Drivers/STM32F1xx_HAL_Driver/Src/stm32f1xx_hal_uart.o
 .debug_line    0x00000000000079dd      0xd2d Drivers/STM32F1xx_HAL_Driver/Src/stm32f1xx_ll_usb.o
 .debug_line    0x000000000000870a      0xb7b Middlewares/ST/STM32_USB_Device_Library/Class/CDC/Src/usbd_cdc.o
 .debug_line    0x0000000000009285      0xbb6 Middlewares/ST/STM32_USB_Device_Library/Core/Src/usbd_core.o
 .debug_line    0x0000000000009e3b      0xc3f Middlewares/ST/STM32_USB_Device_Library/Core/Src/usbd_ctlreq.o
 .debug_line    0x000000000000aa7a      0xa1f Middlewares/ST/STM32_USB_Device_Library/Core/Src/usbd_ioreq.o
 .debug_line    0x000000000000b499      0xa01 USB_DEVICE/App/usb_device.o
 .debug_line    0x000000000000be9a      0xa3b USB_DEVICE/App/usbd_cdc_if.o
 .debug_line    0x000000000000c8d5      0xa53 USB_DEVICE/App/usbd_desc.o
 .debug_line    0x000000000000d328      0xc40 USB_DEVICE/Target/usbd_conf.o

.debug_str      0x0000000000000000    0x86d70
 .debug_str     0x0000000000000000    0x838a9 Core/Src/main.o
                                      0x83ce6 (size before relaxing)
 .debug_str     0x00000000000838a9      0x325 Core/Src/stm32f1xx_hal_msp.o
                                      0x7f2ab (size before relaxing)
 .debug_str     0x0000000000083bce      0x3c0 Core/Src/stm32f1xx_it.o
                                      0x7f2e0 (size before relaxing)
 .debug_str     0x0000000000083f8e       0x52 Core/Src/system_stm32f1xx.o
                                      0x7ebbb (size before relaxing)
 .debug_str     0x0000000000083fe0       0x36 Core/Startup/startup_stm32f103c8tx.o
                                         0x9e (size before relaxing)
 .debug_str     0x0000000000084016      0x2fa Drivers/STM32F1xx_HAL_Driver/Src/stm32f1xx_hal.o
                                      0x7f24c (size before relaxing)
 .debug_str     0x0000000000084310      0x2d8 Drivers/STM32F1xx_HAL_Driver/Src/stm32f1xx_hal_cortex.o
                                      0x7f254 (size before relaxing)
 .debug_str     0x00000000000845e8      0x23a Drivers/STM32F1xx_HAL_Driver/Src/stm32f1xx_hal_dma.o
                                      0x7ef96 (size before relaxing)
 .debug_str     0x0000000000084822      0x33b Drivers/STM32F1xx_HAL_Driver/Src/stm32f1xx_hal_gpio.o
                                      0x7ef7f (size before relaxing)
 .debug_str     0x0000000000084b5d      0x3e5 Drivers/STM32F1xx_HAL_Driver/Src/stm32f1xx_hal_pcd.o
                                      0x7f30e (size before relaxing)
 .debug_str     0x0000000000084f42      0x18d Drivers/STM32F1xx_HAL_Driver/Src/stm32f1xx_hal_pcd_ex.o
                                      0x7f05b (size before relaxing)
 .debug_str     0x00000000000850cf      0x24f Drivers/STM32F1xx_HAL_Driver/Src/stm32f1xx_hal_rcc.o
                                      0x7efb8 (size before relaxing)
 .debug_str     0x000000000008531e       0xb9 Drivers/STM32F1xx_HAL_Driver/Src/stm32f1xx_hal_rcc_ex.o
                                      0x7ed45 (size before relaxing)
 .debug_str     0x00000000000853d7      0x533 Drivers/STM32F1xx_HAL_Driver/Src/stm32f1xx_hal_uart.o
                                      0x7f4be (size before relaxing)
 .debug_str     0x000000000008590a      0x2a1 Drivers/STM32F1xx_HAL_Driver/Src/stm32f1xx_ll_usb.o
                                      0x7f08e (size before relaxing)
 .debug_str     0x0000000000085bab      0x8c9 Middlewares/ST/STM32_USB_Device_Library/Class/CDC/Src/usbd_cdc.o
                                      0x843c7 (size before relaxing)
 .debug_str     0x0000000000086474      0x1b5 Middlewares/ST/STM32_USB_Device_Library/Core/Src/usbd_core.o
                                      0x83cc2 (size before relaxing)
 .debug_str     0x0000000000086629      0x134 Middlewares/ST/STM32_USB_Device_Library/Core/Src/usbd_ctlreq.o
                                      0x83c48 (size before relaxing)
 .debug_str     0x000000000008675d       0xc9 Middlewares/ST/STM32_USB_Device_Library/Core/Src/usbd_ioreq.o
                                      0x83bd0 (size before relaxing)
 .debug_str     0x0000000000086826      0x118 USB_DEVICE/App/usb_device.o
                                      0x83f37 (size before relaxing)
 .debug_str     0x000000000008693e       0x86 USB_DEVICE/App/usbd_cdc_if.o
                                      0x83f76 (size before relaxing)
 .debug_str     0x00000000000869c4      0x258 USB_DEVICE/App/usbd_desc.o
                                      0x83b3b (size before relaxing)
 .debug_str     0x0000000000086c1c      0x154 USB_DEVICE/Target/usbd_conf.o
                                      0x847ed (size before relaxing)

.comment        0x0000000000000000       0x7b
 .comment       0x0000000000000000       0x7b Core/Src/main.o
                                         0x7c (size before relaxing)
 .comment       0x000000000000007b       0x7c Core/Src/stm32f1xx_hal_msp.o
 .comment       0x000000000000007b       0x7c Core/Src/stm32f1xx_it.o
 .comment       0x000000000000007b       0x7c Core/Src/system_stm32f1xx.o
 .comment       0x000000000000007b       0x7c Drivers/STM32F1xx_HAL_Driver/Src/stm32f1xx_hal.o
 .comment       0x000000000000007b       0x7c Drivers/STM32F1xx_HAL_Driver/Src/stm32f1xx_hal_cortex.o
 .comment       0x000000000000007b       0x7c Drivers/STM32F1xx_HAL_Driver/Src/stm32f1xx_hal_dma.o
 .comment       0x000000000000007b       0x7c Drivers/STM32F1xx_HAL_Driver/Src/stm32f1xx_hal_gpio.o
 .comment       0x000000000000007b       0x7c Drivers/STM32F1xx_HAL_Driver/Src/stm32f1xx_hal_pcd.o
 .comment       0x000000000000007b       0x7c Drivers/STM32F1xx_HAL_Driver/Src/stm32f1xx_hal_pcd_ex.o
 .comment       0x000000000000007b       0x7c Drivers/STM32F1xx_HAL_Driver/Src/stm32f1xx_hal_rcc.o
 .comment       0x000000000000007b       0x7c Drivers/STM32F1xx_HAL_Driver/Src/stm32f1xx_hal_rcc_ex.o
 .comment       0x000000000000007b       0x7c Drivers/STM32F1xx_HAL_Driver/Src/stm32f1xx_hal_uart.o
 .comment       0x000000000000007b       0x7c Drivers/STM32F1xx_HAL_Driver/Src/stm32f1xx_ll_usb.o
 .comment       0x000000000000007b       0x7c Middlewares/ST/STM32_USB_Device_Library/Class/CDC/Src/usbd_cdc.o
 .comment       0x000000000000007b       0x7c Middlewares/ST/STM32_USB_Device_Library/Core/Src/usbd_core.o
 .comment       0x000000000000007b       0x7c Middlewares/ST/STM32_USB_Device_Library/Core/Src/usbd_ctlreq.o
 .comment       0x000000000000007b       0x7c Middlewares/ST/STM32_USB_Device_Library/Core/Src/usbd_ioreq.o
 .comment       0x000000000000007b       0x7c USB_DEVICE/App/usb_device.o
 .comment       0x000000000000007b       0x7c USB_DEVICE/App/usbd_cdc_if.o
 .comment       0x000000000000007b       0x7c USB_DEVICE/App/usbd_desc.o
 .comment       0x000000000000007b       0x7c USB_DEVICE/Target/usbd_conf.o

.debug_frame    0x0000000000000000     0x328c
 .debug_frame   0x0000000000000000       0xb4 Core/Src/main.o
 .debug_frame   0x00000000000000b4       0x80 Core/Src/stm32f1xx_hal_msp.o
 .debug_frame   0x0000000000000134      0x160 Core/Src/stm32f1xx_it.o
 .debug_frame   0x0000000000000294       0x58 Core/Src/system_stm32f1xx.o
 .debug_frame   0x00000000000002ec      0x334 Drivers/STM32F1xx_HAL_Driver/Src/stm32f1xx_hal.o
 .debug_frame   0x0000000000000620      0x428 Drivers/STM32F1xx_HAL_Driver/Src/stm32f1xx_hal_cortex.o
 .debug_frame   0x0000000000000a48      0x208 Drivers/STM32F1xx_HAL_Driver/Src/stm32f1xx_hal_dma.o
 .debug_frame   0x0000000000000c50      0x14c Drivers/STM32F1xx_HAL_Driver/Src/stm32f1xx_hal_gpio.o
 .debug_frame   0x0000000000000d9c      0x578 Drivers/STM32F1xx_HAL_Driver/Src/stm32f1xx_hal_pcd.o
 .debug_frame   0x0000000000001314       0xb0 Drivers/STM32F1xx_HAL_Driver/Src/stm32f1xx_hal_pcd_ex.o
 .debug_frame   0x00000000000013c4      0x21c Drivers/STM32F1xx_HAL_Driver/Src/stm32f1xx_hal_rcc.o
 .debug_frame   0x00000000000015e0       0x84 Drivers/STM32F1xx_HAL_Driver/Src/stm32f1xx_hal_rcc_ex.o
 .debug_frame   0x0000000000001664      0x834 Drivers/STM32F1xx_HAL_Driver/Src/stm32f1xx_hal_uart.o
 .debug_frame   0x0000000000001e98      0x450 Drivers/STM32F1xx_HAL_Driver/Src/stm32f1xx_ll_usb.o
 .debug_frame   0x00000000000022e8      0x248 Middlewares/ST/STM32_USB_Device_Library/Class/CDC/Src/usbd_cdc.o
 .debug_frame   0x0000000000002530      0x300 Middlewares/ST/STM32_USB_Device_Library/Core/Src/usbd_core.o
 .debug_frame   0x0000000000002830      0x218 Middlewares/ST/STM32_USB_Device_Library/Core/Src/usbd_ctlreq.o
 .debug_frame   0x0000000000002a48      0x10c Middlewares/ST/STM32_USB_Device_Library/Core/Src/usbd_ioreq.o
 .debug_frame   0x0000000000002b54       0x2c USB_DEVICE/App/usb_device.o
 .debug_frame   0x0000000000002b80       0xbc USB_DEVICE/App/usbd_cdc_if.o
 .debug_frame   0x0000000000002c3c      0x160 USB_DEVICE/App/usbd_desc.o
 .debug_frame   0x0000000000002d9c      0x4a4 USB_DEVICE/Target/usbd_conf.o
 .debug_frame   0x0000000000003240       0x2c d:/program files/stm32cubeide_1.3.0/stm32cubeide/plugins/com.st.stm32cube.ide.mcu.externaltools.gnu-tools-for-stm32.7-2018-q2-update.win32_1.4.0.202007081208/tools/bin/../lib/gcc/arm-none-eabi/7.3.1/../../../../arm-none-eabi/lib/thumb/v7-m\libc_nano.a(lib_a-init.o)
 .debug_frame   0x000000000000326c       0x20 d:/program files/stm32cubeide_1.3.0/stm32cubeide/plugins/com.st.stm32cube.ide.mcu.externaltools.gnu-tools-for-stm32.7-2018-q2-update.win32_1.4.0.202007081208/tools/bin/../lib/gcc/arm-none-eabi/7.3.1/../../../../arm-none-eabi/lib/thumb/v7-m\libc_nano.a(lib_a-memset.o)
