../Core/Src/main.c:119:5:main	456	static
../Core/Src/main.c:280:6:SystemClock_Config	88	static
../Core/Src/main.c:326:13:MX_UART5_Init	8	static
../Core/Src/main.c:359:13:MX_USART1_UART_Init	8	static
../Core/Src/main.c:392:13:MX_GPIO_Init	40	static
../Core/Src/main.c:422:6:HAL_UART_RxCpltCallback	16	static
../Core/Src/main.c:436:6:HAL_UART_TxCpltCallback	16	static
../Core/Src/main.c:456:6:vApplicationStackOverflowHook	56	static
../Core/Src/main.c:472:6:StartDefaultTask	16	static
../Core/Src/main.c:497:6:uart_tx_f	24	static
../Core/Src/main.c:538:6:worker1_f	32	static
../Core/Src/main.c:560:6:worker2_f	32	static
../Core/Src/main.c:582:6:worker3_f	32	static
../Core/Src/main.c:604:6:worker4_f	32	static
../Core/Src/main.c:625:6:worker5_f	32	static
../Core/Src/main.c:646:6:worker6_f	32	static
../Core/Src/main.c:668:6:HAL_TIM_PeriodElapsedCallback	16	static
../Core/Src/main.c:685:6:Error_Handler	4	static,ignoring_inline_asm
