stm32f2xx_hal_uart.c:313:19:HAL_UART_Init	16	static
stm32f2xx_hal_uart.c:388:19:HAL_HalfDuplex_Init	16	static
stm32f2xx_hal_uart.c:461:19:HAL_LIN_Init	16	static
stm32f2xx_hal_uart.c:542:19:HAL_MultiProcessor_Init	24	static
stm32f2xx_hal_uart.c:619:19:HAL_UART_DeInit	16	static
stm32f2xx_hal_uart.c:663:13:HAL_UART_MspInit	16	static
stm32f2xx_hal_uart.c:678:13:HAL_UART_MspDeInit	16	static
stm32f2xx_hal_uart.c:1018:19:HAL_UART_Transmit	48	static
stm32f2xx_hal_uart.c:1106:19:HAL_UART_Receive	48	static
stm32f2xx_hal_uart.c:1196:19:HAL_UART_Transmit_IT	24	static
stm32f2xx_hal_uart.c:1241:19:HAL_UART_Receive_IT	24	static
stm32f2xx_hal_uart.c:1292:19:HAL_UART_Transmit_DMA	32	static
stm32f2xx_hal_uart.c:1360:19:HAL_UART_Receive_DMA	32	static
stm32f2xx_hal_uart.c:1427:19:HAL_UART_DMAPause	24	static
stm32f2xx_hal_uart.c:1464:19:HAL_UART_DMAResume	24	static
stm32f2xx_hal_uart.c:1500:19:HAL_UART_DMAStop	24	static
stm32f2xx_hal_uart.c:1552:19:HAL_UART_Abort	16	static
stm32f2xx_hal_uart.c:1634:19:HAL_UART_AbortTransmit	16	static
stm32f2xx_hal_uart.c:1685:19:HAL_UART_AbortReceive	16	static
stm32f2xx_hal_uart.c:1739:19:HAL_UART_Abort_IT	24	static
stm32f2xx_hal_uart.c:1867:19:HAL_UART_AbortTransmit_IT	16	static
stm32f2xx_hal_uart.c:1944:19:HAL_UART_AbortReceive_IT	16	static
stm32f2xx_hal_uart.c:2014:6:HAL_UART_IRQHandler	40	static
stm32f2xx_hal_uart.c:2160:13:HAL_UART_TxCpltCallback	16	static
stm32f2xx_hal_uart.c:2175:13:HAL_UART_TxHalfCpltCallback	16	static
stm32f2xx_hal_uart.c:2190:13:HAL_UART_RxCpltCallback	16	static
stm32f2xx_hal_uart.c:2205:13:HAL_UART_RxHalfCpltCallback	16	static
stm32f2xx_hal_uart.c:2220:13:HAL_UART_ErrorCallback	16	static
stm32f2xx_hal_uart.c:2234:13:HAL_UART_AbortCpltCallback	16	static
stm32f2xx_hal_uart.c:2249:13:HAL_UART_AbortTransmitCpltCallback	16	static
stm32f2xx_hal_uart.c:2264:13:HAL_UART_AbortReceiveCpltCallback	16	static
stm32f2xx_hal_uart.c:2303:19:HAL_LIN_SendBreak	16	static
stm32f2xx_hal_uart.c:2330:19:HAL_MultiProcessor_EnterMuteMode	16	static
stm32f2xx_hal_uart.c:2357:19:HAL_MultiProcessor_ExitMuteMode	16	static
stm32f2xx_hal_uart.c:2384:19:HAL_HalfDuplex_EnableTransmitter	24	static
stm32f2xx_hal_uart.c:2419:19:HAL_HalfDuplex_EnableReceiver	24	static
stm32f2xx_hal_uart.c:2476:23:HAL_UART_GetState	24	static
stm32f2xx_hal_uart.c:2491:10:HAL_UART_GetError	16	static
stm32f2xx_hal_uart.c:2535:13:UART_DMATransmitCplt	24	static
stm32f2xx_hal_uart.c:2570:13:UART_DMATxHalfCplt	24	static
stm32f2xx_hal_uart.c:2589:13:UART_DMAReceiveCplt	24	static
stm32f2xx_hal_uart.c:2623:13:UART_DMARxHalfCplt	24	static
stm32f2xx_hal_uart.c:2642:13:UART_DMAError	24	static
stm32f2xx_hal_uart.c:2683:26:UART_WaitOnFlagUntilTimeout	24	static
stm32f2xx_hal_uart.c:2715:13:UART_EndTxTransfer	16	static
stm32f2xx_hal_uart.c:2729:13:UART_EndRxTransfer	16	static
stm32f2xx_hal_uart.c:2746:13:UART_DMAAbortOnError	24	static
stm32f2xx_hal_uart.c:2770:13:UART_DMATxAbortCallback	24	static
stm32f2xx_hal_uart.c:2815:13:UART_DMARxAbortCallback	24	static
stm32f2xx_hal_uart.c:2860:13:UART_DMATxOnlyAbortCallback	24	static
stm32f2xx_hal_uart.c:2888:13:UART_DMARxOnlyAbortCallback	24	static
stm32f2xx_hal_uart.c:2913:26:UART_Transmit_IT	24	static
stm32f2xx_hal_uart.c:2953:26:UART_EndTransmit_IT	16	static
stm32f2xx_hal_uart.c:2978:26:UART_Receive_IT	24	static
stm32f2xx_hal_uart.c:3047:13:UART_SetConfig	24	static
