../Core/Src/main.c:119:5:main	344	static
../Core/Src/main.c:256:6:SystemClock_Config	72	static
../Core/Src/main.c:295:13:MX_SPI1_Init	8	static
../Core/Src/main.c:333:13:MX_UART5_Init	8	static
../Core/Src/main.c:366:13:MX_USART1_UART_Init	8	static
../Core/Src/main.c:397:13:MX_DMA_Init	16	static
../Core/Src/main.c:418:13:MX_GPIO_Init	40	static
../Core/Src/main.c:448:6:HAL_UART_RxCpltCallback	16	static
../Core/Src/main.c:462:6:HAL_UART_TxCpltCallback	16	static
../Core/Src/main.c:500:6:StartDefaultTask	16	static
../Core/Src/main.c:524:6:glider_uart_tx_f	24	static
../Core/Src/main.c:550:6:worker_f	32	static
../Core/Src/main.c:571:6:hydroc_uart_tx_f	24	static
../Core/Src/main.c:598:6:HAL_TIM_PeriodElapsedCallback	16	static
../Core/Src/main.c:615:6:Error_Handler	4	static,ignoring_inline_asm
