../Core/Src/fsm.c:36:6:microsd_init_proc	16	static
../Core/Src/fsm.c:54:6:load_settings_proc	16	static
../Core/Src/fsm.c:71:6:set_clock_proc	56	static
../Core/Src/fsm.c:104:6:send_errors_proc	160	static
../Core/Src/fsm.c:144:6:send_data_proc	208	static
../Core/Src/fsm.c:178:6:hydroc_data_saver_proc	24	static
../Core/Src/fsm.c:207:6:open_files_proc	80	static
../Core/Src/fsm.c:270:6:close_files_proc	24	static
../Core/Src/fsm.c:291:6:sensor_post_config_proc	24	static
../Core/Src/fsm.c:348:6:sensor_pre_config_proc	24	static
../Core/Src/fsm.c:377:6:hydroc_data_processor_proc	72	static
../Core/Src/fsm.c:491:6:read_sensor_type_proc	32	static
../Core/Src/fsm.c:539:6:seaglider_send_evnt_proc	32	static
../Core/Src/fsm.c:599:7:init_act	8	static
../Core/Src/fsm.c:608:6:process_DS4	8	static
../Core/Src/fsm.c:613:6:process_TS1	8	static
../Core/Src/fsm.c:618:7:send_prompt	8	static
../Core/Src/fsm.c:623:7:read_settings_from_microsd	8	static
../Core/Src/fsm.c:628:6:upload_last_data	8	static
../Core/Src/fsm.c:633:6:upload_errors	8	static
../Core/Src/fsm.c:638:6:update_sensor_clock	8	static
../Core/Src/fsm.c:643:6:pre_config	8	static
../Core/Src/fsm.c:649:6:sensor_pre_config	8	static
../Core/Src/fsm.c:654:6:post_config	8	static
../Core/Src/fsm.c:660:6:sensor_post_config	8	static
../Core/Src/fsm.c:665:7:change_fsm_to_S0	8	static
../Core/Src/fsm.c:671:7:change_fsm_to_S1	8	static
../Core/Src/fsm.c:677:7:change_fsm_from_S1_to_S2	8	static
../Core/Src/fsm.c:683:7:change_fsm_from_S5_to_S2	8	static
../Core/Src/fsm.c:690:7:change_fsm_to_S3	8	static
../Core/Src/fsm.c:697:7:change_fsm_to_S4	8	static
../Core/Src/fsm.c:704:7:change_fsm_to_S5	8	static
../Core/Src/fsm.c:710:7:read_sensor_type	8	static
../Core/Src/fsm.c:720:6:fsm_init	24	static
../Core/Src/fsm.c:746:6:fsm_generate_event	16	static
../Core/Src/fsm.c:751:7:fsm_take_event	40	static
