../Middlewares/ST/STM32_USB_Host_Library/Class/CDC/Src/usbh_cdc.c:163:27:USBH_CDC_InterfaceInit	48	static
../Middlewares/ST/STM32_USB_Host_Library/Class/CDC/Src/usbh_cdc.c:279:27:USBH_CDC_InterfaceDeInit	24	static
../Middlewares/ST/STM32_USB_Host_Library/Class/CDC/Src/usbh_cdc.c:320:27:USBH_CDC_ClassRequest	24	static
../Middlewares/ST/STM32_USB_Host_Library/Class/CDC/Src/usbh_cdc.c:350:27:USBH_CDC_Process	24	static
../Middlewares/ST/STM32_USB_Host_Library/Class/CDC/Src/usbh_cdc.c:434:27:USBH_CDC_SOFProcess	16	static
../Middlewares/ST/STM32_USB_Host_Library/Class/CDC/Src/usbh_cdc.c:449:21:USBH_CDC_Stop	24	static
../Middlewares/ST/STM32_USB_Host_Library/Class/CDC/Src/usbh_cdc.c:469:27:GetLineCoding	16	static
../Middlewares/ST/STM32_USB_Host_Library/Class/CDC/Src/usbh_cdc.c:492:27:SetLineCoding	16	static
../Middlewares/ST/STM32_USB_Host_Library/Class/CDC/Src/usbh_cdc.c:513:20:USBH_CDC_SetLineCoding	24	static
../Middlewares/ST/STM32_USB_Host_Library/Class/CDC/Src/usbh_cdc.c:541:21:USBH_CDC_GetLineCoding	24	static
../Middlewares/ST/STM32_USB_Host_Library/Class/CDC/Src/usbh_cdc.c:562:10:USBH_CDC_GetLastReceivedDataSize	24	static
../Middlewares/ST/STM32_USB_Host_Library/Class/CDC/Src/usbh_cdc.c:584:21:USBH_CDC_Transmit	32	static
../Middlewares/ST/STM32_USB_Host_Library/Class/CDC/Src/usbh_cdc.c:615:21:USBH_CDC_Receive	32	static
../Middlewares/ST/STM32_USB_Host_Library/Class/CDC/Src/usbh_cdc.c:646:13:CDC_ProcessTransmission	32	static
../Middlewares/ST/STM32_USB_Host_Library/Class/CDC/Src/usbh_cdc.c:738:13:CDC_ProcessReception	32	static
../Middlewares/ST/STM32_USB_Host_Library/Class/CDC/Src/usbh_cdc.c:810:13:USBH_CDC_TransmitCallback	16	static
../Middlewares/ST/STM32_USB_Host_Library/Class/CDC/Src/usbh_cdc.c:821:13:USBH_CDC_ReceiveCallback	16	static
../Middlewares/ST/STM32_USB_Host_Library/Class/CDC/Src/usbh_cdc.c:832:13:USBH_CDC_LineCodingChanged	16	static
