../Core/Src/fsm.c:39:6:microsd_init_proc	16	static
../Core/Src/fsm.c:55:6:load_settings_proc	16	static
../Core/Src/fsm.c:73:6:send_data_proc	192	static
../Core/Src/fsm.c:111:6:open_files_proc	56	static
../Core/Src/fsm.c:169:6:close_files_proc	16	static
../Core/Src/fsm.c:191:6:write_to_file_proc	24	static
../Core/Src/fsm.c:214:6:uvp6_stop_proc	32	static
../Core/Src/fsm.c:251:6:uvp6_startL_proc	32	static
../Core/Src/fsm.c:289:6:uvp6_startH_proc	32	static
../Core/Src/fsm.c:328:6:uvp6_lpm_data_agg_proc	32	static
../Core/Src/fsm.c:376:6:seaglider_depth_analyzer_proc	32	static
../Core/Src/fsm.c:468:6:seaglider_send_evnt_proc	32	static
../Core/Src/fsm.c:537:7:init_act	8	static
../Core/Src/fsm.c:545:6:microsd_init	8	static
../Core/Src/fsm.c:550:7:send_prompt	8	static
../Core/Src/fsm.c:555:7:read_settings_from_microsd	8	static
../Core/Src/fsm.c:560:6:upload_last_data	8	static
../Core/Src/fsm.c:565:6:config_sensor	8	static
../Core/Src/fsm.c:575:6:start_measurement	8	static
../Core/Src/fsm.c:581:6:clear_lpm_data	8	static
../Core/Src/fsm.c:586:6:save_data	8	static
../Core/Src/fsm.c:591:6:write_data	8	static
../Core/Src/fsm.c:595:6:uvp6_stop	8	static
../Core/Src/fsm.c:600:6:close_file	8	static
../Core/Src/fsm.c:605:6:stop_and_report	8	static
../Core/Src/fsm.c:614:7:change_fsm_to_init	8	static
../Core/Src/fsm.c:620:7:change_fsm_from_init_to_idle	8	static
../Core/Src/fsm.c:627:7:change_fsm_from_idle_to_starting	8	static
../Core/Src/fsm.c:634:7:change_fsm_from_starting_to_dive	8	static
../Core/Src/fsm.c:641:7:change_fsm_from_dive_to_stopping	8	static
../Core/Src/fsm.c:650:7:change_fsm_from_stopping_to_idle	8	static
../Core/Src/fsm.c:660:6:fsm_init	24	static
../Core/Src/fsm.c:680:6:fsm_generate_event	16	static
../Core/Src/fsm.c:685:7:fsm_take_event	40	static
