../Core/Src/seaglider.c:20:6:seaglider_init	96	static
../Core/Src/seaglider.c:48:6:seaglider_loop	24	static
../Core/Src/seaglider.c:63:6:seaglider_media_process_byte	16	static
../Core/Src/seaglider.c:90:9:seaglider_media_get_byte	32	static
../Core/Src/seaglider.c:101:6:seaglider_send_evnt	24	static
../Core/Src/seaglider.c:112:6:seaglider_send_cmd	40	static
../Core/Src/seaglider.c:127:6:seaglider_schedule_for_tx	32	static
../Core/Src/seaglider.c:137:9:seaglider_get_event	16	static
../Core/Src/seaglider.c:146:5:seaglider_parse_message	24	static
../Core/Src/seaglider.c:163:6:seaglider_messages_init	16	static
../Core/Src/seaglider.c:193:5:SEAGLIDER_MSG_DEPTH_f	24	static
../Core/Src/seaglider.c:210:5:SEAGLIDER_MSG_STOP_f	24	static
../Core/Src/seaglider.c:224:5:SEAGLIDER_MSG_START_f	24	static
../Core/Src/seaglider.c:239:5:SEAGLIDER_MSG_SEND_TXT_FILE_f	16	static
../Core/Src/seaglider.c:244:5:SEAGLIDER_MSG_SEND_INFO_f	16	static
../Core/Src/seaglider.c:248:5:SEAGLIDER_MSG_RESET_f	16	static
../Core/Src/seaglider.c:252:5:SEAGLIDER_MSG_TEST_f	16	static
../Core/Src/seaglider.c:257:5:SEAGLIDER_MSG_CLOCK_f	24	static
../Core/Src/seaglider.c:270:5:SEAGLIDER_MSG_WAKEUP_f	16	static
../Core/Src/seaglider.c:276:5:SEAGLIDER_MSG_CLEAR_f	16	static
../Core/Src/seaglider.c:282:5:SEAGLIDER_MSG_POFF_f	16	static
../Core/Src/seaglider.c:287:5:SEAGLIDER_MSG_ERRORS_f	16	static
