stm32f1xx_hal_eth.c:212:19:HAL_ETH_Init	40	static
stm32f1xx_hal_eth.c:485:19:HAL_ETH_DeInit	16	static
stm32f1xx_hal_eth.c:521:19:HAL_ETH_DMATxDescListInit	32	static
stm32f1xx_hal_eth.c:588:19:HAL_ETH_DMARxDescListInit	32	static
stm32f1xx_hal_eth.c:655:13:HAL_ETH_MspInit	16	static
stm32f1xx_hal_eth.c:670:13:HAL_ETH_MspDeInit	16	static
stm32f1xx_hal_eth.c:880:19:HAL_ETH_TransmitFrame	32	static
stm32f1xx_hal_eth.c:993:19:HAL_ETH_GetReceivedFrame	24	static
stm32f1xx_hal_eth.c:1073:19:HAL_ETH_GetReceivedFrame_IT	24	static
stm32f1xx_hal_eth.c:1158:6:HAL_ETH_IRQHandler	16	static
stm32f1xx_hal_eth.c:1232:13:HAL_ETH_TxCpltCallback	16	static
stm32f1xx_hal_eth.c:1247:13:HAL_ETH_RxCpltCallback	16	static
stm32f1xx_hal_eth.c:1262:13:HAL_ETH_ErrorCallback	16	static
stm32f1xx_hal_eth.c:1283:19:HAL_ETH_ReadPHYRegister	32	static
stm32f1xx_hal_eth.c:1355:19:HAL_ETH_WritePHYRegister	32	static
stm32f1xx_hal_eth.c:1447:19:HAL_ETH_Start	16	static
stm32f1xx_hal_eth.c:1486:19:HAL_ETH_Stop	16	static
stm32f1xx_hal_eth.c:1526:19:HAL_ETH_ConfigMAC	24	static
stm32f1xx_hal_eth.c:1693:19:HAL_ETH_ConfigDMA	24	static
stm32f1xx_hal_eth.c:1798:22:HAL_ETH_GetState	16	static
stm32f1xx_hal_eth.c:1823:13:ETH_MACDMAConfig	200	static
stm32f1xx_hal_eth.c:2083:13:ETH_MACAddressConfig	32	static
stm32f1xx_hal_eth.c:2110:13:ETH_MACTransmissionEnable	24	static
stm32f1xx_hal_eth.c:2130:13:ETH_MACTransmissionDisable	24	static
stm32f1xx_hal_eth.c:2150:13:ETH_MACReceptionEnable	24	static
stm32f1xx_hal_eth.c:2170:13:ETH_MACReceptionDisable	24	static
stm32f1xx_hal_eth.c:2190:13:ETH_DMATransmissionEnable	16	static
stm32f1xx_hal_eth.c:2202:13:ETH_DMATransmissionDisable	16	static
stm32f1xx_hal_eth.c:2214:13:ETH_DMAReceptionEnable	16	static
stm32f1xx_hal_eth.c:2226:13:ETH_DMAReceptionDisable	16	static
stm32f1xx_hal_eth.c:2238:13:ETH_FlushTransmitFIFO	24	static
stm32f1xx_hal_eth.c:2257:13:ETH_Delay	24	static,ignoring_inline_asm
