<html>
<body>
<pre>
<h1>µVision Build Log</h1>
<h2>Tool Versions:</h2>
IDE-Version: µVision V5.26.2.0
Copyright (C) 2018 ARM Ltd and ARM Germany GmbH. All rights reserved.
License Information: S V, Home, LIC=MGX56-DUHU6-VHT87-EM0QZ-TV5YD-VQ1KJ
 
Tool Versions:
Toolchain:       MDK-ARM Professional  Version: 5.26.2.0
Toolchain Path:  C:\Program Files\Keil_v5\ARM\ARMCC\Bin
C Compiler:      Armcc.exe V5.06 update 6 (build 750)
Assembler:       Armasm.exe V5.06 update 6 (build 750)
Linker/Locator:  ArmLink.exe V5.06 update 6 (build 750)
Library Manager: ArmAr.exe V5.06 update 6 (build 750)
Hex Converter:   FromElf.exe V5.06 update 6 (build 750)
CPU DLL:         SARMCM3.DLL V5.26.2.0
Dialog DLL:      DCM.DLL V1.17.2.0
Target DLL:      STLink\ST-LINKIII-KEIL_SWO.dll V3.0.5.0
Dialog DLL:      TCM.DLL V1.36.1.0
 
<h2>Project:</h2>
D:\System\External storage\YandexDisk\upwork\projects\Ehsan Abdi\prj USIB\coding\TEST\ADC_RS232\MDK-ARM\ADC_RS232.uvprojx
Project File Date:  09/16/2020

<h2>Output:</h2>
*** Using Compiler 'V5.06 update 6 (build 750)', folder: 'C:\Program Files\Keil_v5\ARM\ARMCC\Bin'
Build target 'ADC_RS232'
compiling main.c...
../Src/main.c(116): warning:  #167-D: argument of type "uint8_t *" is incompatible with parameter of type "char *restrict"
  	  sprintf(uart_buf,"adc:%d\r\n",data);
../Src/main.c(117): warning:  #167-D: argument of type "uint8_t *" is incompatible with parameter of type "const char *"
  		HAL_UART_Transmit(&huart1,uart_buf,strlen(uart_buf),100);
../Src/main.c: 2 warnings, 0 errors
linking...
Program Size: Code=6836 RO-data=392 RW-data=16 ZI-data=1176  
FromELF: creating hex file...
"ADC_RS232\ADC_RS232.axf" - 0 Error(s), 2 Warning(s).

<h2>Software Packages used:</h2>

Package Vendor: ARM
                http://www.keil.com/pack/ARM.CMSIS.5.4.0.pack
                ARM.CMSIS.5.4.0
                CMSIS (Cortex Microcontroller Software Interface Standard)
   * Component: CORE Version: 5.1.2

Package Vendor: Keil
                http://www.keil.com/pack/Keil.STM32F1xx_DFP.2.3.0.pack
                Keil.STM32F1xx_DFP.2.3.0
                STMicroelectronics STM32F1 Series Device Support, Drivers and Examples

<h2>Collection of Component include folders:</h2>
  .\RTE\_ADC_RS232
  C:\Program Files\Keil_v5\ARM\PACK\ARM\CMSIS\5.4.0\CMSIS\Core\Include
  C:\Program Files\Keil_v5\ARM\PACK\Keil\STM32F1xx_DFP\2.3.0\Device\Include

<h2>Collection of Component Files used:</h2>

   * Component: ARM::CMSIS:CORE:5.1.2
Build Time Elapsed:  00:00:15
</pre>
</body>
</html>
