../Core/Src/main.c:85:5:main	72	static
../Core/Src/main.c:170:6:SystemClock_Config	88	static
../Core/Src/main.c:214:13:MX_UART5_Init	8	static
../Core/Src/main.c:247:13:MX_USART1_UART_Init	8	static
../Core/Src/main.c:280:13:MX_GPIO_Init	24	static
../Core/Src/main.c:294:6:HAL_UART_RxCpltCallback	16	static
../Core/Src/main.c:308:6:HAL_UART_TxCpltCallback	16	static
../Core/Src/main.c:340:6:StartDefaultTask	136	static
../Core/Src/main.c:473:6:uart_tx_f	24	static
../Core/Src/main.c:510:6:HAL_TIM_PeriodElapsedCallback	16	static
../Core/Src/main.c:527:6:Error_Handler	4	static,ignoring_inline_asm
