../Core/Src/seaglider.c:25:6:seaglider_init	104	static
../Core/Src/seaglider.c:48:6:seaglider_loop	24	static
../Core/Src/seaglider.c:64:6:seaglider_media_process_byte	16	static
../Core/Src/seaglider.c:91:9:seaglider_media_get_byte	32	static
../Core/Src/seaglider.c:103:6:seaglider_send_cmd	40	static
../Core/Src/seaglider.c:125:9:seaglider_get_event	16	static
../Core/Src/seaglider.c:135:5:seaglider_parse_message	24	static
../Core/Src/seaglider.c:152:6:seaglider_messages_init	16	static
../Core/Src/seaglider.c:181:5:SEAGLIDER_MSG_DEPTH_f	24	static
../Core/Src/seaglider.c:197:5:SEAGLIDER_MSG_STOP_f	16	static
../Core/Src/seaglider.c:202:5:SEAGLIDER_MSG_START_f	24	static
../Core/Src/seaglider.c:217:5:SEAGLIDER_MSG_SEND_TXT_FILE_f	16	static
../Core/Src/seaglider.c:222:5:SEAGLIDER_MSG_SEND_INFO_f	16	static
../Core/Src/seaglider.c:226:5:SEAGLIDER_MSG_RESET_f	16	static
../Core/Src/seaglider.c:230:5:SEAGLIDER_MSG_TEST_f	16	static
../Core/Src/seaglider.c:235:5:SEAGLIDER_MSG_CLOCK_f	24	static
../Core/Src/seaglider.c:248:5:SEAGLIDER_MSG_WAKEUP_f	16	static
