../Core/Src/main.c:98:5:main	104	static
../Core/Src/main.c:185:6:SystemClock_Config	120	static
../Core/Src/main.c:240:13:MX_SPI1_Init	8	static
../Core/Src/main.c:278:13:MX_TIM2_Init	32	static
../Core/Src/main.c:323:13:MX_USART1_UART_Init	8	static
../Core/Src/main.c:356:13:MX_GPIO_Init	40	static
../Core/Src/main.c:400:6:HAL_UART_RxCpltCallback	16	static
../Core/Src/main.c:414:6:StartDefaultTask	32	static
../Core/Src/main.c:473:6:storage_f	16	static
../Core/Src/main.c:553:6:HAL_TIM_PeriodElapsedCallback	16	static
../Core/Src/main.c:570:6:Error_Handler	4	static,ignoring_inline_asm
