../Core/Src/main.c:97:5:main	120	static
../Core/Src/main.c:185:6:SystemClock_Config	120	static
../Core/Src/main.c:238:13:MX_SPI1_Init	8	static
../Core/Src/main.c:276:13:MX_TIM2_Init	32	static
../Core/Src/main.c:321:13:MX_USART1_UART_Init	8	static
../Core/Src/main.c:354:13:MX_GPIO_Init	40	static
../Core/Src/main.c:398:6:HAL_UART_RxCpltCallback	16	static
../Core/Src/main.c:403:6:readDir	896	static
../Core/Src/main.c:470:6:StartDefaultTask	16	static
../Core/Src/main.c:490:6:storage_f	16	static
../Core/Src/main.c:539:6:sensor_f	32	static
../Core/Src/main.c:587:6:HAL_TIM_PeriodElapsedCallback	16	static
../Core/Src/main.c:604:6:Error_Handler	4	static,ignoring_inline_asm
