../Core/Src/sd.c:27:6:sd_init_lib	8	static
../Core/Src/sd.c:32:6:sd_init_disk	24	static
../Core/Src/sd.c:46:6:sd_ss_set_active	16	static
../Core/Src/sd.c:52:6:sd_ss_active_pin_down	8	static
../Core/Src/sd.c:56:6:sd_ss_active_pin_up	8	static
../Core/Src/sd.c:61:6:sd_read_free_space	32	static
../Core/Src/sd.c:90:6:SD_PowerOn	4	static
../Core/Src/sd.c:100:16:SD_cmd	24	static
../Core/Src/sd.c:136:9:sd_ini	24	static
../Core/Src/sd.c:207:13:Error	4	static
../Core/Src/sd.c:213:9:SPI_wait_ready	16	static
../Core/Src/sd.c:228:9:SPIx_WriteRead	32	static
../Core/Src/sd.c:240:6:SPI_SendByte	16	static
../Core/Src/sd.c:245:9:SPI_ReceiveByte	16	static
../Core/Src/sd.c:251:6:SPI_Release	8	static
../Core/Src/sd.c:258:9:SD_Read_Block	32	static
../Core/Src/sd.c:288:9:SD_Write_Block	24	static
