../Core/Src/sd.c:28:6:sd_ss_set_active	16	static
../Core/Src/sd.c:34:6:sd_ss_active_pin_down	8	static
../Core/Src/sd.c:38:6:sd_ss_active_pin_up	8	static
../Core/Src/sd.c:47:6:SD_PowerOn	4	static
../Core/Src/sd.c:57:16:SD_cmd	24	static
../Core/Src/sd.c:93:9:sd_ini	24	static
../Core/Src/sd.c:164:13:Error	4	static
../Core/Src/sd.c:170:9:SPI_wait_ready	16	static
../Core/Src/sd.c:185:9:SPIx_WriteRead	32	static
../Core/Src/sd.c:197:6:SPI_SendByte	16	static
../Core/Src/sd.c:202:9:SPI_ReceiveByte	16	static
../Core/Src/sd.c:208:6:SPI_Release	8	static
../Core/Src/sd.c:215:9:SD_Read_Block	32	static
../Core/Src/sd.c:245:9:SD_Write_Block	24	static
