../Core/Src/main.c:90:5:main	120	static
../Core/Src/main.c:188:6:SystemClock_Config	88	static
../Core/Src/main.c:228:13:MX_UART5_Init	8	static
../Core/Src/main.c:261:13:MX_USART1_UART_Init	8	static
../Core/Src/main.c:294:13:MX_GPIO_Init	24	static
../Core/Src/main.c:308:6:HAL_UART_RxCpltCallback	16	static
../Core/Src/main.c:322:6:HAL_UART_TxCpltCallback	16	static
../Core/Src/main.c:350:6:StartDefaultTask	56	static
../Core/Src/main.c:470:6:uart_tx_f	24	static
../Core/Src/main.c:509:6:one_time_f	16	static
../Core/Src/main.c:547:6:HAL_TIM_PeriodElapsedCallback	16	static
../Core/Src/main.c:564:6:Error_Handler	4	static,ignoring_inline_asm
