D:/GD/upwork/projects/Ehsan_Abdi/USIB/HW/Smart-Cable/firmware/hw_test/RS232/Src/main.c:65:5:main	8	static
D:/GD/upwork/projects/Ehsan_Abdi/USIB/HW/Smart-Cable/firmware/hw_test/RS232/Src/main.c:112:6:SystemClock_Config	88	static
D:/GD/upwork/projects/Ehsan_Abdi/USIB/HW/Smart-Cable/firmware/hw_test/RS232/Src/main.c:157:13:MX_USART1_UART_Init	8	static
D:/GD/upwork/projects/Ehsan_Abdi/USIB/HW/Smart-Cable/firmware/hw_test/RS232/Src/main.c:190:13:MX_GPIO_Init	16	static
D:/GD/upwork/projects/Ehsan_Abdi/USIB/HW/Smart-Cable/firmware/hw_test/RS232/Src/main.c:207:6:Error_Handler	4	static,ignoring_inline_asm
