../Core/Src/main.c:119:5:main	96	static
../Core/Src/main.c:223:6:SystemClock_Config	120	static
../Core/Src/main.c:278:13:MX_SPI1_Init	8	static
../Core/Src/main.c:316:13:MX_UART5_Init	8	static
../Core/Src/main.c:349:13:MX_USART1_UART_Init	8	static
../Core/Src/main.c:382:13:MX_USB_OTG_FS_HCD_Init	8	static
../Core/Src/main.c:410:13:MX_DMA_Init	16	static
../Core/Src/main.c:431:13:MX_GPIO_Init	40	static
../Core/Src/main.c:457:6:HAL_UART_RxCpltCallback	16	static
../Core/Src/main.c:471:6:HAL_UART_TxCpltCallback	16	static
../Core/Src/main.c:499:6:StartDefaultTask	2016	static
../Core/Src/main.c:837:6:uart_tx_f	24	static
../Core/Src/main.c:872:6:timer1_cb	16	static
../Core/Src/main.c:886:6:HAL_TIM_PeriodElapsedCallback	16	static
../Core/Src/main.c:903:6:Error_Handler	4	static,ignoring_inline_asm
