PUCK.c:29:6:puck_event_callback	16	static
PUCK.c:42:19:puck_analyzer	16	static
PUCK.c:86:6:puck_stage1_timed_callback	4	static
PUCK.c:94:6:puck_stage2_timed_callback	4	static
PUCK.c:105:6:puck_init	24	static
PUCK.c:133:10:puck_commands_init	4	static
PUCK.c:158:6:puck_loop	16	static
PUCK.c:177:10:puck_new_byte_processing	32	static
PUCK.c:198:21:puck_update_rx_message	16	static
PUCK.c:215:10:puck_split_rx_message	24	static
PUCK.c:227:17:puck_get_cmd_pattern_index	24	static
PUCK.c:235:6:puck_send_integer	32	static
PUCK.c:245:6:puck_send_raw	32	static
PUCK.c:253:6:puck_send_string	32	static
PUCK.c:265:15:PUCKRM_f	24	static
PUCK.c:287:15:PUCKWM_f	4	static
PUCK.c:291:15:PUCKFM_f	4	static
PUCK.c:295:15:PUCKEM_f	4	static
PUCK.c:299:15:PUCKGA_f	8	static
PUCK.c:305:15:PUCKSA_f	16	static
PUCK.c:317:15:PUCKSZ_f	8	static
PUCK.c:323:15:PUCK_f	8	static
PUCK.c:328:15:PUCKTY_f	4	static
PUCK.c:332:15:PUCKVR_f	4	static
PUCK.c:336:15:PUCKIM_f	4	static
PUCK.c:342:15:PUCKVB_f	4	static
PUCK.c:358:15:PUCKSB_f	4	static
