main.c:96:5:main	224	static
main.c:208:6:SystemClock_Config	88	static
main.c:252:13:MX_I2C1_Init	8	static
main.c:286:13:MX_TIM2_Init	32	static
main.c:331:13:MX_USART1_UART_Init	8	static
main.c:362:13:MX_DMA_Init	16	static
main.c:380:13:MX_GPIO_Init	24	static
main.c:392:6:HAL_UART_RxCpltCallback	16	static
main.c:397:6:HAL_UART_TxCpltCallback	16	static
main.c:412:6:StartDefaultTask	40	static
main.c:453:6:uart1_smac_f	16	static
main.c:469:6:puck_f	16	static
main.c:485:6:ssp_f	16	static
main.c:501:6:adc_f	16	static
main.c:518:6:HAL_TIM_PeriodElapsedCallback	16	static
main.c:539:6:Error_Handler	4	static,ignoring_inline_asm
