../Core/Src/main.c:133:5:main	192	static
../Core/Src/main.c:244:6:SystemClock_Config	88	static
../Core/Src/main.c:291:13:MX_RTC_Init	32	static
../Core/Src/main.c:354:13:MX_SPI1_Init	8	static
../Core/Src/main.c:392:13:MX_TIM2_Init	32	static
../Core/Src/main.c:437:13:MX_USART1_UART_Init	8	static
../Core/Src/main.c:468:13:MX_DMA_Init	16	static
../Core/Src/main.c:486:13:MX_GPIO_Init	48	static
../Core/Src/main.c:533:6:HAL_UART_RxCpltCallback	16	static
../Core/Src/main.c:542:6:HAL_UART_TxCpltCallback	16	static
../Core/Src/main.c:554:6:icListen_prepare_messages	16	static
../Core/Src/main.c:571:7:open_new_wav_file	88	static
../Core/Src/main.c:596:6:StartDefaultTask	32	static
../Core/Src/main.c:655:6:storage_f	136	static
../Core/Src/main.c:741:6:icListen_f	136	static
../Core/Src/main.c:797:6:uart_f	24	static
../Core/Src/main.c:824:6:HAL_TIM_PeriodElapsedCallback	16	static
../Core/Src/main.c:841:6:Error_Handler	4	static,ignoring_inline_asm
