../Core/Src/sd.c:29:6:sd_ss_set_active	16	static
../Core/Src/sd.c:35:6:sd_ss_active_pin_down	8	static
../Core/Src/sd.c:39:6:sd_ss_active_pin_up	8	static
../Core/Src/sd.c:48:6:SD_PowerOn	4	static
../Core/Src/sd.c:58:16:SD_cmd	24	static
../Core/Src/sd.c:93:9:sd_ini	24	static
../Core/Src/sd.c:163:13:Error	4	static
../Core/Src/sd.c:168:9:SPI_wait_ready	16	static
../Core/Src/sd.c:181:7:SPIx_Get_Status	8	static
../Core/Src/sd.c:186:7:SPIx_WriteRead_IT	24	static
../Core/Src/sd.c:192:9:SPIx_WriteRead	32	static
../Core/Src/sd.c:202:6:SPI_SendByte	16	static
../Core/Src/sd.c:207:9:SPI_ReceiveByte	16	static
../Core/Src/sd.c:212:6:SPI_Release	8	static
../Core/Src/sd.c:217:9:SD_Read_Block	32	static
../Core/Src/sd.c:245:9:SD_Write_Block	24	static
