../Core/Src/sd.c:35:6:sd_ss_set_active	16	static
../Core/Src/sd.c:41:6:sd_ss_active_pin_down	8	static
../Core/Src/sd.c:45:6:sd_ss_active_pin_up	8	static
../Core/Src/sd.c:54:6:SD_PowerOn	4	static
../Core/Src/sd.c:64:16:SD_cmd	24	static
../Core/Src/sd.c:99:9:sd_ini	24	static
../Core/Src/sd.c:169:13:Error	4	static
../Core/Src/sd.c:174:9:SPI_wait_ready	16	static
../Core/Src/sd.c:187:7:SPIx_Get_Status	8	static
../Core/Src/sd.c:192:7:SPIx_Write_Multi	24	static
../Core/Src/sd.c:197:7:SPIx_WriteRead_IT	24	static
../Core/Src/sd.c:202:7:SPIx_WriteRead_DMA	24	static
../Core/Src/sd.c:208:7:SPIx_Write_DMA	16	static
../Core/Src/sd.c:214:9:SPIx_WriteRead	32	static
../Core/Src/sd.c:224:6:SPI_SendByte	16	static
../Core/Src/sd.c:229:9:SPI_ReceiveByte	16	static
../Core/Src/sd.c:234:6:SPI_Release	8	static
../Core/Src/sd.c:239:9:SD_Read_Block	32	static
../Core/Src/sd.c:267:9:SD_Write_Blocks	40	static
