../Core/Src/main.c:116:5:main	96	static
../Core/Src/main.c:218:6:SystemClock_Config	72	static
../Core/Src/main.c:257:13:MX_SPI1_Init	8	static
../Core/Src/main.c:295:13:MX_UART5_Init	8	static
../Core/Src/main.c:328:13:MX_USART1_UART_Init	8	static
../Core/Src/main.c:359:13:MX_DMA_Init	16	static
../Core/Src/main.c:380:13:MX_GPIO_Init	40	static
../Core/Src/main.c:410:6:HAL_UART_RxCpltCallback	16	static
../Core/Src/main.c:424:6:HAL_UART_TxCpltCallback	16	static
../Core/Src/main.c:452:6:StartDefaultTask	2016	static
../Core/Src/main.c:796:6:uart_tx_f	24	static
../Core/Src/main.c:831:6:timer1_cb	16	static
../Core/Src/main.c:846:6:HAL_TIM_PeriodElapsedCallback	16	static
../Core/Src/main.c:863:6:Error_Handler	4	static,ignoring_inline_asm
