../Core/Src/sd.c:38:6:sd_ss_set_active	16	static
../Core/Src/sd.c:46:6:sd_ss_active_pin_down	8	static
../Core/Src/sd.c:50:6:sd_ss_active_pin_up	8	static
../Core/Src/sd.c:55:6:SD_PowerOn	4	static
../Core/Src/sd.c:65:16:SD_cmd	24	static
../Core/Src/sd.c:100:9:sd_ini	32	static
../Core/Src/sd.c:157:13:Error	4	static
../Core/Src/sd.c:162:9:SPI_wait_ready	16	static
../Core/Src/sd.c:175:7:SPIx_Get_Status	8	static
../Core/Src/sd.c:180:7:SPIx_Write_Multi	24	static
../Core/Src/sd.c:185:7:SPIx_WriteRead_IT	24	static
../Core/Src/sd.c:190:7:SPIx_WriteRead_DMA	24	static
../Core/Src/sd.c:196:7:SPIx_Write_DMA	16	static
../Core/Src/sd.c:202:9:SPIx_WriteRead	32	static
../Core/Src/sd.c:212:6:SPI_SendByte	16	static
../Core/Src/sd.c:217:9:SPI_ReceiveByte	16	static
../Core/Src/sd.c:222:6:SPI_Release	8	static
../Core/Src/sd.c:227:9:SD_Read_Block	32	static
../Core/Src/sd.c:255:9:SD_Write_Blocks	40	static
