../Core/Src/main.c:114:5:main	96	static
../Core/Src/main.c:217:6:SystemClock_Config	120	static
../Core/Src/main.c:272:13:MX_SPI1_Init	8	static
../Core/Src/main.c:310:13:MX_UART5_Init	8	static
../Core/Src/main.c:343:13:MX_USART1_UART_Init	8	static
../Core/Src/main.c:376:13:MX_USB_OTG_FS_HCD_Init	8	static
../Core/Src/main.c:404:13:MX_DMA_Init	16	static
../Core/Src/main.c:425:13:MX_GPIO_Init	40	static
../Core/Src/main.c:451:6:HAL_UART_RxCpltCallback	16	static
../Core/Src/main.c:465:6:HAL_UART_TxCpltCallback	16	static
../Core/Src/main.c:493:6:StartDefaultTask	2016	static
../Core/Src/main.c:829:6:uart_tx_f	24	static
../Core/Src/main.c:864:6:timer1_cb	16	static
../Core/Src/main.c:878:6:HAL_TIM_PeriodElapsedCallback	16	static
../Core/Src/main.c:895:6:Error_Handler	4	static,ignoring_inline_asm
