../Middlewares/ST/STM32_USB_Host_Library/Class/CDC/Src/usbh_cdc.c:155:27:USBH_CDC_InterfaceInit	48	static
../Middlewares/ST/STM32_USB_Host_Library/Class/CDC/Src/usbh_cdc.c:271:27:USBH_CDC_InterfaceDeInit	24	static
../Middlewares/ST/STM32_USB_Host_Library/Class/CDC/Src/usbh_cdc.c:312:27:USBH_CDC_ClassRequest	24	static
../Middlewares/ST/STM32_USB_Host_Library/Class/CDC/Src/usbh_cdc.c:333:27:USBH_CDC_Process	24	static
../Middlewares/ST/STM32_USB_Host_Library/Class/CDC/Src/usbh_cdc.c:417:27:USBH_CDC_SOFProcess	16	static
../Middlewares/ST/STM32_USB_Host_Library/Class/CDC/Src/usbh_cdc.c:432:21:USBH_CDC_Stop	24	static
../Middlewares/ST/STM32_USB_Host_Library/Class/CDC/Src/usbh_cdc.c:452:27:GetLineCoding	16	static
../Middlewares/ST/STM32_USB_Host_Library/Class/CDC/Src/usbh_cdc.c:475:27:SetLineCoding	16	static
../Middlewares/ST/STM32_USB_Host_Library/Class/CDC/Src/usbh_cdc.c:496:20:USBH_CDC_SetLineCoding	24	static
../Middlewares/ST/STM32_USB_Host_Library/Class/CDC/Src/usbh_cdc.c:524:21:USBH_CDC_GetLineCoding	24	static
../Middlewares/ST/STM32_USB_Host_Library/Class/CDC/Src/usbh_cdc.c:545:10:USBH_CDC_GetLastReceivedDataSize	24	static
../Middlewares/ST/STM32_USB_Host_Library/Class/CDC/Src/usbh_cdc.c:567:21:USBH_CDC_Transmit	32	static
../Middlewares/ST/STM32_USB_Host_Library/Class/CDC/Src/usbh_cdc.c:598:21:USBH_CDC_Receive	32	static
../Middlewares/ST/STM32_USB_Host_Library/Class/CDC/Src/usbh_cdc.c:629:13:CDC_ProcessTransmission	32	static
../Middlewares/ST/STM32_USB_Host_Library/Class/CDC/Src/usbh_cdc.c:721:13:CDC_ProcessReception	32	static
../Middlewares/ST/STM32_USB_Host_Library/Class/CDC/Src/usbh_cdc.c:798:13:USBH_CDC_TransmitCallback	16	static
../Middlewares/ST/STM32_USB_Host_Library/Class/CDC/Src/usbh_cdc.c:809:13:USBH_CDC_ReceiveCallback	16	static
../Middlewares/ST/STM32_USB_Host_Library/Class/CDC/Src/usbh_cdc.c:820:13:USBH_CDC_LineCodingChanged	16	static
